liquidcrystal_i2c.c:47:19:LCD_SendInternal	32	static
liquidcrystal_i2c.c:69:6:LCD_SendCommand	16	static
liquidcrystal_i2c.c:73:6:LCD_SendData	16	static
liquidcrystal_i2c.c:77:6:LCD_Init	8	static
liquidcrystal_i2c.c:99:6:LCD_Clear	8	static
liquidcrystal_i2c.c:105:6:LCD_Home	8	static
liquidcrystal_i2c.c:111:6:LCD_SetCursor	40	static
liquidcrystal_i2c.c:121:6:LCD_DisplayOff	8	static
liquidcrystal_i2c.c:127:6:LCD_DisplayOn	8	static
liquidcrystal_i2c.c:133:6:LCD_CursorOff	8	static
liquidcrystal_i2c.c:139:6:LCD_CursorOn	8	static
liquidcrystal_i2c.c:145:6:LCD_BlinkOff	8	static
liquidcrystal_i2c.c:151:6:LCD_BlinkOn	8	static
liquidcrystal_i2c.c:157:6:LCD_ScrollLeft	8	static
liquidcrystal_i2c.c:162:6:LCD_ScrollRight	8	static
liquidcrystal_i2c.c:167:6:LCD_LeftToRight	8	static
liquidcrystal_i2c.c:173:6:LCD_RightToLeft	8	static
liquidcrystal_i2c.c:179:6:LCD_AutoScroll	8	static
liquidcrystal_i2c.c:185:6:LCD_NoAutoScroll	8	static
liquidcrystal_i2c.c:191:6:LCD_CreateSpecialChar	24	static
liquidcrystal_i2c.c:201:6:LCD_PrintSpecialChar	16	static
liquidcrystal_i2c.c:206:6:LCD_LoadCustomCharacter	16	static
liquidcrystal_i2c.c:211:6:LCD_Print	16	static
liquidcrystal_i2c.c:216:6:LCD_Puts	16	static
liquidcrystal_i2c.c:245:6:LCD_Delay_us	24	static
liquidcrystal_i2c.c:252:6:LCD_Delay_ms	16	static
