Archive member included to satisfy reference by file (symbol)

c:/st/stm32cubeide_1.8.0/stm32cubeide/plugins/com.st.stm32cube.ide.mcu.externaltools.gnu-tools-for-stm32.9-2020-q2-update.win32_2.0.0.202105311346/tools/bin/../lib/gcc/arm-none-eabi/9.3.1/../../../../arm-none-eabi/lib/thumb/v7e-m+fp/hard\libc_nano.a(lib_a-errno.o)
                              ./Core/Src/syscalls.o (__errno)
c:/st/stm32cubeide_1.8.0/stm32cubeide/plugins/com.st.stm32cube.ide.mcu.externaltools.gnu-tools-for-stm32.9-2020-q2-update.win32_2.0.0.202105311346/tools/bin/../lib/gcc/arm-none-eabi/9.3.1/../../../../arm-none-eabi/lib/thumb/v7e-m+fp/hard\libc_nano.a(lib_a-exit.o)
                              c:/st/stm32cubeide_1.8.0/stm32cubeide/plugins/com.st.stm32cube.ide.mcu.externaltools.gnu-tools-for-stm32.9-2020-q2-update.win32_2.0.0.202105311346/tools/bin/../lib/gcc/arm-none-eabi/9.3.1/../../../../arm-none-eabi/lib/thumb/v7e-m+fp/hard/crt0.o (exit)
c:/st/stm32cubeide_1.8.0/stm32cubeide/plugins/com.st.stm32cube.ide.mcu.externaltools.gnu-tools-for-stm32.9-2020-q2-update.win32_2.0.0.202105311346/tools/bin/../lib/gcc/arm-none-eabi/9.3.1/../../../../arm-none-eabi/lib/thumb/v7e-m+fp/hard\libc_nano.a(lib_a-impure.o)
                              c:/st/stm32cubeide_1.8.0/stm32cubeide/plugins/com.st.stm32cube.ide.mcu.externaltools.gnu-tools-for-stm32.9-2020-q2-update.win32_2.0.0.202105311346/tools/bin/../lib/gcc/arm-none-eabi/9.3.1/../../../../arm-none-eabi/lib/thumb/v7e-m+fp/hard\libc_nano.a(lib_a-exit.o) (_global_impure_ptr)
c:/st/stm32cubeide_1.8.0/stm32cubeide/plugins/com.st.stm32cube.ide.mcu.externaltools.gnu-tools-for-stm32.9-2020-q2-update.win32_2.0.0.202105311346/tools/bin/../lib/gcc/arm-none-eabi/9.3.1/../../../../arm-none-eabi/lib/thumb/v7e-m+fp/hard\libc_nano.a(lib_a-init.o)
                              c:/st/stm32cubeide_1.8.0/stm32cubeide/plugins/com.st.stm32cube.ide.mcu.externaltools.gnu-tools-for-stm32.9-2020-q2-update.win32_2.0.0.202105311346/tools/bin/../lib/gcc/arm-none-eabi/9.3.1/../../../../arm-none-eabi/lib/thumb/v7e-m+fp/hard/crt0.o (__libc_init_array)
c:/st/stm32cubeide_1.8.0/stm32cubeide/plugins/com.st.stm32cube.ide.mcu.externaltools.gnu-tools-for-stm32.9-2020-q2-update.win32_2.0.0.202105311346/tools/bin/../lib/gcc/arm-none-eabi/9.3.1/../../../../arm-none-eabi/lib/thumb/v7e-m+fp/hard\libc_nano.a(lib_a-itoa.o)
                              ./Core/Src/main.o (itoa)
c:/st/stm32cubeide_1.8.0/stm32cubeide/plugins/com.st.stm32cube.ide.mcu.externaltools.gnu-tools-for-stm32.9-2020-q2-update.win32_2.0.0.202105311346/tools/bin/../lib/gcc/arm-none-eabi/9.3.1/../../../../arm-none-eabi/lib/thumb/v7e-m+fp/hard\libc_nano.a(lib_a-memset.o)
                              c:/st/stm32cubeide_1.8.0/stm32cubeide/plugins/com.st.stm32cube.ide.mcu.externaltools.gnu-tools-for-stm32.9-2020-q2-update.win32_2.0.0.202105311346/tools/bin/../lib/gcc/arm-none-eabi/9.3.1/../../../../arm-none-eabi/lib/thumb/v7e-m+fp/hard/crt0.o (memset)
c:/st/stm32cubeide_1.8.0/stm32cubeide/plugins/com.st.stm32cube.ide.mcu.externaltools.gnu-tools-for-stm32.9-2020-q2-update.win32_2.0.0.202105311346/tools/bin/../lib/gcc/arm-none-eabi/9.3.1/../../../../arm-none-eabi/lib/thumb/v7e-m+fp/hard\libc_nano.a(lib_a-strlen.o)
                              ./Core/Src/main.o (strlen)
c:/st/stm32cubeide_1.8.0/stm32cubeide/plugins/com.st.stm32cube.ide.mcu.externaltools.gnu-tools-for-stm32.9-2020-q2-update.win32_2.0.0.202105311346/tools/bin/../lib/gcc/arm-none-eabi/9.3.1/../../../../arm-none-eabi/lib/thumb/v7e-m+fp/hard\libc_nano.a(lib_a-utoa.o)
                              c:/st/stm32cubeide_1.8.0/stm32cubeide/plugins/com.st.stm32cube.ide.mcu.externaltools.gnu-tools-for-stm32.9-2020-q2-update.win32_2.0.0.202105311346/tools/bin/../lib/gcc/arm-none-eabi/9.3.1/../../../../arm-none-eabi/lib/thumb/v7e-m+fp/hard\libc_nano.a(lib_a-itoa.o) (__utoa)
c:/st/stm32cubeide_1.8.0/stm32cubeide/plugins/com.st.stm32cube.ide.mcu.externaltools.gnu-tools-for-stm32.9-2020-q2-update.win32_2.0.0.202105311346/tools/bin/../lib/gcc/arm-none-eabi/9.3.1/thumb/v7e-m+fp/hard\libgcc.a(_arm_addsubdf3.o)
                              ./Core/Src/main.o (__aeabi_dsub)
c:/st/stm32cubeide_1.8.0/stm32cubeide/plugins/com.st.stm32cube.ide.mcu.externaltools.gnu-tools-for-stm32.9-2020-q2-update.win32_2.0.0.202105311346/tools/bin/../lib/gcc/arm-none-eabi/9.3.1/thumb/v7e-m+fp/hard\libgcc.a(_arm_muldivdf3.o)
                              ./Core/Src/main.o (__aeabi_ddiv)
c:/st/stm32cubeide_1.8.0/stm32cubeide/plugins/com.st.stm32cube.ide.mcu.externaltools.gnu-tools-for-stm32.9-2020-q2-update.win32_2.0.0.202105311346/tools/bin/../lib/gcc/arm-none-eabi/9.3.1/thumb/v7e-m+fp/hard\libgcc.a(_arm_truncdfsf2.o)
                              ./Core/Src/main.o (__aeabi_d2f)
c:/st/stm32cubeide_1.8.0/stm32cubeide/plugins/com.st.stm32cube.ide.mcu.externaltools.gnu-tools-for-stm32.9-2020-q2-update.win32_2.0.0.202105311346/tools/bin/../lib/gcc/arm-none-eabi/9.3.1/thumb/v7e-m+fp/hard\libgcc.a(_aeabi_uldivmod.o)
[...]
Memory Configuration

Name             Origin             Length             Attributes
RAM              0x0000000020000000 0x0000000000010000 xrw
FLASH            0x0000000008000000 0x0000000000040000 xr
*default*        0x0000000000000000 0xffffffffffffffff

Linker script and memory map

LOAD c:/st/stm32cubeide_1.8.0/stm32cubeide/plugins/com.st.stm32cube.ide.mcu.externaltools.gnu-tools-for-stm32.9-2020-q2-update.win32_2.0.0.202105311346/tools/bin/../lib/gcc/arm-none-eabi/9.3.1/thumb/v7e-m+fp/hard/crti.o
LOAD c:/st/stm32cubeide_1.8.0/stm32cubeide/plugins/com.st.stm32cube.ide.mcu.externaltools.gnu-tools-for-stm32.9-2020-q2-update.win32_2.0.0.202105311346/tools/bin/../lib/gcc/arm-none-eabi/9.3.1/thumb/v7e-m+fp/hard/crtbegin.o
LOAD c:/st/stm32cubeide_1.8.0/stm32cubeide/plugins/com.st.stm32cube.ide.mcu.externaltools.gnu-tools-for-stm32.9-2020-q2-update.win32_2.0.0.202105311346/tools/bin/../lib/gcc/arm-none-eabi/9.3.1/../../../../arm-none-eabi/lib/thumb/v7e-m+fp/hard/crt0.o
LOAD ./Core/Src/adc.o
LOAD ./Core/Src/gpio.o
LOAD ./Core/Src/i2c.o
LOAD ./Core/Src/liquidcrystal_i2c.o
LOAD ./Core/Src/main.o
LOAD ./Core/Src/stm32f4xx_hal_msp.o
LOAD ./Core/Src/stm32f4xx_it.o
LOAD ./Core/Src/syscalls.o
LOAD ./Core/Src/sysmem.o
LOAD ./Core/Src/system_stm32f4xx.o
LOAD ./Core/Startup/startup_stm32f401ccux.o
LOAD ./Drivers/STM32F4xx_HAL_Driver/Src/stm32f4xx_hal.o
LOAD ./Drivers/STM32F4xx_HAL_Driver/Src/stm32f4xx_hal_adc.o
LOAD ./Drivers/STM32F4xx_HAL_Driver/Src/stm32f4xx_hal_adc_ex.o
LOAD ./Drivers/STM32F4xx_HAL_Driver/Src/stm32f4xx_hal_cortex.o
LOAD ./Drivers/STM32F4xx_HAL_Driver/Src/stm32f4xx_hal_dma.o
LOAD ./Drivers/STM32F4xx_HAL_Driver/Src/stm32f4xx_hal_dma_ex.o
LOAD ./Drivers/STM32F4xx_HAL_Driver/Src/stm32f4xx_hal_exti.o
LOAD ./Drivers/STM32F4xx_HAL_Driver/Src/stm32f4xx_hal_flash.o
LOAD ./Drivers/STM32F4xx_HAL_Driver/Src/stm32f4xx_hal_flash_ex.o
LOAD ./Drivers/STM32F4xx_HAL_Driver/Src/stm32f4xx_hal_flash_ramfunc.o
LOAD ./Drivers/STM32F4xx_HAL_Driver/Src/stm32f4xx_hal_gpio.o
LOAD ./Drivers/STM32F4xx_HAL_Driver/Src/stm32f4xx_hal_i2c.o
LOAD ./Drivers/STM32F4xx_HAL_Driver/Src/stm32f4xx_hal_i2c_ex.o
LOAD ./Drivers/STM32F4xx_HAL_Driver/Src/stm32f4xx_hal_pcd.o
LOAD ./Drivers/STM32F4xx_HAL_Driver/Src/stm32f4xx_hal_pcd_ex.o
LOAD ./Drivers/STM32F4xx_HAL_Driver/Src/stm32f4xx_hal_pwr.o
LOAD ./Drivers/STM32F4xx_HAL_Driver/Src/stm32f4xx_hal_pwr_ex.o
LOAD ./Drivers/STM32F4xx_HAL_Driver/Src/stm32f4xx_hal_rcc.o
LOAD ./Drivers/STM32F4xx_HAL_Driver/Src/stm32f4xx_hal_rcc_ex.o
LOAD ./Drivers/STM32F4xx_HAL_Driver/Src/stm32f4xx_hal_tim.o
LOAD ./Drivers/STM32F4xx_HAL_Driver/Src/stm32f4xx_hal_tim_ex.o
LOAD ./Drivers/STM32F4xx_HAL_Driver/Src/stm32f4xx_ll_adc.o
LOAD ./Drivers/STM32F4xx_HAL_Driver/Src/stm32f4xx_ll_usb.o
LOAD ./Middlewares/ST/STM32_USB_Device_Library/Class/CDC/Src/usbd_cdc.o
LOAD ./Middlewares/ST/STM32_USB_Device_Library/Core/Src/usbd_core.o
LOAD ./Middlewares/ST/STM32_USB_Device_Library/Core/Src/usbd_ctlreq.o
LOAD ./Middlewares/ST/STM32_USB_Device_Library/Core/Src/usbd_ioreq.o
LOAD ./USB_DEVICE/App/usb_device.o
LOAD ./USB_DEVICE/App/usbd_cdc_if.o
LOAD ./USB_DEVICE/App/usbd_desc.o
LOAD ./USB_DEVICE/Target/usbd_conf.o
START GROUP
LOAD c:/st/stm32cubeide_1.8.0/stm32cubeide/plugins/com.st.stm32cube.ide.mcu.externaltools.gnu-tools-for-stm32.9-2020-q2-update.win32_2.0.0.202105311346/tools/bin/../lib/gcc/arm-none-eabi/9.3.1/../../../../arm-none-eabi/lib/thumb/v7e-m+fp/hard\libc_nano.a
LOAD c:/st/stm32cubeide_1.8.0/stm32cubeide/plugins/com.st.stm32cube.ide.mcu.externaltools.gnu-tools-for-stm32.9-2020-q2-update.win32_2.0.0.202105311346/tools/bin/../lib/gcc/arm-none-eabi/9.3.1/../../../../arm-none-eabi/lib/thumb/v7e-m+fp/hard\libm.a
END GROUP
START GROUP
LOAD c:/st/stm32cubeide_1.8.0/stm32cubeide/plugins/com.st.stm32cube.ide.mcu.externaltools.gnu-tools-for-stm32.9-2020-q2-update.win32_2.0.0.202105311346/tools/bin/../lib/gcc/arm-none-eabi/9.3.1/thumb/v7e-m+fp/hard\libgcc.a
LOAD c:/st/stm32cubeide_1.8.0/stm32cubeide/plugins/com.st.stm32cube.ide.mcu.externaltools.gnu-tools-for-stm32.9-2020-q2-update.win32_2.0.0.202105311346/tools/bin/../lib/gcc/arm-none-eabi/9.3.1/../../../../arm-none-eabi/lib/thumb/v7e-m+fp/hard\libc_nano.a
END GROUP
START GROUP
LOAD c:/st/stm32cubeide_1.8.0/stm32cubeide/plugins/com.st.stm32cube.ide.mcu.externaltools.gnu-tools-for-stm32.9-2020-q2-update.win32_2.0.0.202105311346/tools/bin/../lib/gcc/arm-none-eabi/9.3.1/thumb/v7e-m+fp/hard\libgcc.a
LOAD c:/st/stm32cubeide_1.8.0/stm32cubeide/plugins/com.st.stm32cube.ide.mcu.externaltools.gnu-tools-for-stm32.9-2020-q2-update.win32_2.0.0.202105311346/tools/bin/../lib/gcc/arm-none-eabi/9.3.1/../../../../arm-none-eabi/lib/thumb/v7e-m+fp/hard\libc_nano.a
LOAD c:/st/stm32cubeide_1.8.0/stm32cubeide/plugins/com.st.stm32cube.ide.mcu.externaltools.gnu-tools-for-stm32.9-2020-q2-update.win32_2.0.0.202105311346/tools/bin/../lib/gcc/arm-none-eabi/9.3.1/../../../../arm-none-eabi/lib/thumb/v7e-m+fp/hard\libnosys.a
END GROUP
START GROUP
LOAD c:/st/stm32cubeide_1.8.0/stm32cubeide/plugins/com.st.stm32cube.ide.mcu.externaltools.gnu-tools-for-stm32.9-2020-q2-update.win32_2.0.0.202105311346/tools/bin/../lib/gcc/arm-none-eabi/9.3.1/thumb/v7e-m+fp/hard\libgcc.a
LOAD c:/st/stm32cubeide_1.8.0/stm32cubeide/plugins/com.st.stm32cube.ide.mcu.externaltools.gnu-tools-for-stm32.9-2020-q2-update.win32_2.0.0.202105311346/tools/bin/../lib/gcc/arm-none-eabi/9.3.1/../../../../arm-none-eabi/lib/thumb/v7e-m+fp/hard\libc_nano.a
LOAD c:/st/stm32cubeide_1.8.0/stm32cubeide/plugins/com.st.stm32cube.ide.mcu.externaltools.gnu-tools-for-stm32.9-2020-q2-update.win32_2.0.0.202105311346/tools/bin/../lib/gcc/arm-none-eabi/9.3.1/../../../../arm-none-eabi/lib/thumb/v7e-m+fp/hard\libnosys.a
END GROUP
LOAD c:/st/stm32cubeide_1.8.0/stm32cubeide/plugins/com.st.stm32cube.ide.mcu.externaltools.gnu-tools-for-stm32.9-2020-q2-update.win32_2.0.0.202105311346/tools/bin/../lib/gcc/arm-none-eabi/9.3.1/thumb/v7e-m+fp/hard/crtend.o
LOAD c:/st/stm32cubeide_1.8.0/stm32cubeide/plugins/com.st.stm32cube.ide.mcu.externaltools.gnu-tools-for-stm32.9-2020-q2-update.win32_2.0.0.202105311346/tools/bin/../lib/gcc/arm-none-eabi/9.3.1/thumb/v7e-m+fp/hard/crtn.o
                0x0000000020010000                _estack = (ORIGIN (RAM) + LENGTH (RAM))
                0x0000000000000200                _Min_Heap_Size = 0x200
                0x0000000000000400                _Min_Stack_Size = 0x400

.isr_vector     0x0000000008000000      0x194
                0x0000000008000000                . = ALIGN (0x4)
 *(.isr_vector)
 .isr_vector    0x0000000008000000      0x194 ./Core/Startup/startup_stm32f401ccux.o
                0x0000000008000000                g_pfnVectors
                0x0000000008000194                . = ALIGN (0x4)

.text           0x0000000008000194     0x841c
                0x0000000008000194                . = ALIGN (0x4)
 *(.text)
 .text          0x0000000008000194       0x40 c:/st/stm32cubeide_1.8.0/stm32cubeide/plugins/com.st.stm32cube.ide.mcu.externaltools.gnu-tools-for-stm32.9-2020-q2-update.win32_2.0.0.202105311346/tools/bin/../lib/gcc/arm-none-eabi/9.3.1/thumb/v7e-m+fp/hard/crtbegin.o
 .text          0x00000000080001d4       0x10 c:/st/stm32cubeide_1.8.0/stm32cubeide/plugins/com.st.stm32cube.ide.mcu.externaltools.gnu-tools-for-stm32.9-2020-q2-update.win32_2.0.0.202105311346/tools/bin/../lib/gcc/arm-none-eabi/9.3.1/../../../../arm-none-eabi/lib/thumb/v7e-m+fp/hard\libc_nano.a(lib_a-strlen.o)
                0x00000000080001d4                strlen
 .text          0x00000000080001e4      0x378 c:/st/stm32cubeide_1.8.0/stm32cubeide/plugins/com.st.stm32cube.ide.mcu.externaltools.gnu-tools-for-stm32.9-2020-q2-update.win32_2.0.0.202105311346/tools/bin/../lib/gcc/arm-none-eabi/9.3.1/thumb/v7e-m+fp/hard\libgcc.a(_arm_addsubdf3.o)
                0x00000000080001e4                __aeabi_drsub
                0x00000000080001ec                __aeabi_dsub
                0x00000000080001ec                __subdf3
                0x00000000080001f0                __aeabi_dadd
                0x00000000080001f0                __adddf3
                0x0000000008000468                __floatunsidf
                0x0000000008000468                __aeabi_ui2d
                0x0000000008000488                __floatsidf
                0x0000000008000488                __aeabi_i2d
                0x00000000080004ac                __aeabi_f2d
                0x00000000080004ac                __extendsfdf2
                0x00000000080004f0                __floatundidf
                0x00000000080004f0                __aeabi_ul2d
                0x0000000008000500                __floatdidf
                0x0000000008000500                __aeabi_l2d
 .text          0x000000000800055c      0x424 c:/st/stm32cubeide_1.8.0/stm32cubeide/plugins/com.st.stm32cube.ide.mcu.externaltools.gnu-tools-for-stm32.9-2020-q2-update.win32_2.0.0.202105311346/tools/bin/../lib/gcc/arm-none-eabi/9.3.1/thumb/v7e-m+fp/hard\libgcc.a(_arm_muldivdf3.o)
                0x000000000800055c                __aeabi_dmul
                0x000000000800055c                __muldf3
                0x00000000080007b0                __divdf3
                0x00000000080007b0                __aeabi_ddiv
 .text          0x0000000008000980       0xa0 c:/st/stm32cubeide_1.8.0/stm32cubeide/plugins/com.st.stm32cube.ide.mcu.externaltools.gnu-tools-for-stm32.9-2020-q2-update.win32_2.0.0.202105311346/tools/bin/../lib/gcc/arm-none-eabi/9.3.1/thumb/v7e-m+fp/hard\libgcc.a(_arm_truncdfsf2.o)
                0x0000000008000980                __truncdfsf2
                0x0000000008000980                __aeabi_d2f
 .text          0x0000000008000a20       0x30 c:/st/stm32cubeide_1.8.0/stm32cubeide/plugins/com.st.stm32cube.ide.mcu.externaltools.gnu-tools-for-stm32.9-2020-q2-update.win32_2.0.0.202105311346/tools/bin/../lib/gcc/arm-none-eabi/9.3.1/thumb/v7e-m+fp/hard\libgcc.a(_aeabi_uldivmod.o)
                0x0000000008000a20                __aeabi_uldivmod
 .text          0x0000000008000a50      0x2c4 c:/st/stm32cubeide_1.8.0/stm32cubeide/plugins/com.st.stm32cube.ide.mcu.externaltools.gnu-tools-for-stm32.9-2020-q2-update.win32_2.0.0.202105311346/tools/bin/../lib/gcc/arm-none-eabi/9.3.1/thumb/v7e-m+fp/hard\libgcc.a(_udivmoddi4.o)
                0x0000000008000a50                __udivmoddi4
 .text          0x0000000008000d14        0x4 c:/st/stm32cubeide_1.8.0/stm32cubeide/plugins/com.st.stm32cube.ide.mcu.externaltools.gnu-tools-for-stm32.9-2020-q2-update.win32_2.0.0.202105311346/tools/bin/../lib/gcc/arm-none-eabi/9.3.1/thumb/v7e-m+fp/hard\libgcc.a(_dvmd_tls.o)
                0x0000000008000d14                __aeabi_idiv0
                0x0000000008000d14                __aeabi_ldiv0
 *(.text*)
 .text.MX_ADC1_Init
                0x0000000008000d18       0xa4 ./Core/Src/adc.o
                0x0000000008000d18                MX_ADC1_Init
 .text.HAL_ADC_MspInit
                0x0000000008000dbc       0x88 ./Core/Src/adc.o
                0x0000000008000dbc                HAL_ADC_MspInit
 .text.MX_GPIO_Init
                0x0000000008000e44       0x6c ./Core/Src/gpio.o
                0x0000000008000e44                MX_GPIO_Init
 .text.MX_I2C1_Init
                0x0000000008000eb0       0x5c ./Core/Src/i2c.o
                0x0000000008000eb0                MX_I2C1_Init
 .text.HAL_I2C_MspInit
                0x0000000008000f0c       0x90 ./Core/Src/i2c.o
                0x0000000008000f0c                HAL_I2C_MspInit
 .text.LCD_SendInternal
                0x0000000008000f9c       0xac ./Core/Src/liquidcrystal_i2c.o
                0x0000000008000f9c                LCD_SendInternal
 .text.LCD_SendCommand
                0x0000000008001048       0x1e ./Core/Src/liquidcrystal_i2c.o
                0x0000000008001048                LCD_SendCommand
 .text.LCD_SendData
                0x0000000008001066       0x1e ./Core/Src/liquidcrystal_i2c.o
                0x0000000008001066                LCD_SendData
 .text.LCD_Init
                0x0000000008001084       0x80 ./Core/Src/liquidcrystal_i2c.o
                0x0000000008001084                LCD_Init
 .text.LCD_Clear
                0x0000000008001104       0x14 ./Core/Src/liquidcrystal_i2c.o
                0x0000000008001104                LCD_Clear
 .text.LCD_SetCursor
                0x0000000008001118       0x68 ./Core/Src/liquidcrystal_i2c.o
                0x0000000008001118                LCD_SetCursor
 .text.LCD_CreateSpecialChar
                0x0000000008001180       0x52 ./Core/Src/liquidcrystal_i2c.o
                0x0000000008001180                LCD_CreateSpecialChar
 *fill*         0x00000000080011d2        0x2 
 .text.LCD_Puts
                0x00000000080011d4       0xb8 ./Core/Src/liquidcrystal_i2c.o
                0x00000000080011d4                LCD_Puts
 .text.LCD_Delay_ms
                0x000000000800128c       0x1a ./Core/Src/liquidcrystal_i2c.o
                0x000000000800128c                LCD_Delay_ms
 *fill*         0x00000000080012a6        0x2 
 .text.HAL_IncTick
                0x00000000080012a8       0x50 ./Core/Src/main.o
                0x00000000080012a8                HAL_IncTick
 .text.main     0x00000000080012f8      0x160 ./Core/Src/main.o
                0x00000000080012f8                main
 .text.SystemClock_Config
                0x0000000008001458       0xd4 ./Core/Src/main.o
                0x0000000008001458                SystemClock_Config
 .text.Error_Handler
                0x000000000800152c        0xa ./Core/Src/main.o
                0x000000000800152c                Error_Handler
 *fill*         0x0000000008001536        0x2 
 .text.HAL_MspInit
                0x0000000008001538       0x50 ./Core/Src/stm32f4xx_hal_msp.o
                0x0000000008001538                HAL_MspInit
 .text.NMI_Handler
                0x0000000008001588        0x6 ./Core/Src/stm32f4xx_it.o
                0x0000000008001588                NMI_Handler
 .text.HardFault_Handler
                0x000000000800158e        0x6 ./Core/Src/stm32f4xx_it.o
                0x000000000800158e                HardFault_Handler
 .text.MemManage_Handler
                0x0000000008001594        0x6 ./Core/Src/stm32f4xx_it.o
                0x0000000008001594                MemManage_Handler
 .text.BusFault_Handler
                0x000000000800159a        0x6 ./Core/Src/stm32f4xx_it.o
                0x000000000800159a                BusFault_Handler
 .text.UsageFault_Handler
                0x00000000080015a0        0x6 ./Core/Src/stm32f4xx_it.o
                0x00000000080015a0                UsageFault_Handler
 .text.SVC_Handler
                0x00000000080015a6        0xe ./Core/Src/stm32f4xx_it.o
                0x00000000080015a6                SVC_Handler
 .text.DebugMon_Handler
                0x00000000080015b4        0xe ./Core/Src/stm32f4xx_it.o
                0x00000000080015b4                DebugMon_Handler
 .text.PendSV_Handler
                0x00000000080015c2        0xe ./Core/Src/stm32f4xx_it.o
                0x00000000080015c2                PendSV_Handler
 .text.SysTick_Handler
                0x00000000080015d0        0xc ./Core/Src/stm32f4xx_it.o
                0x00000000080015d0                SysTick_Handler
 .text.OTG_FS_IRQHandler
                0x00000000080015dc       0x14 ./Core/Src/stm32f4xx_it.o
                0x00000000080015dc                OTG_FS_IRQHandler
 .text.SystemInit
                0x00000000080015f0       0x24 ./Core/Src/system_stm32f4xx.o
                0x00000000080015f0                SystemInit
 .text.Reset_Handler
                0x0000000008001614       0x50 ./Core/Startup/startup_stm32f401ccux.o
                0x0000000008001614                Reset_Handler
 .text.Default_Handler
                0x0000000008001664        0x2 ./Core/Startup/startup_stm32f401ccux.o
                0x0000000008001664                RTC_Alarm_IRQHandler
                0x0000000008001664                EXTI2_IRQHandler
                0x0000000008001664                SPI4_IRQHandler
                0x0000000008001664                TIM1_CC_IRQHandler
                0x0000000008001664                DMA2_Stream5_IRQHandler
                0x0000000008001664                DMA1_Stream5_IRQHandler
                0x0000000008001664                PVD_IRQHandler
                0x0000000008001664                SDIO_IRQHandler
                0x0000000008001664                TAMP_STAMP_IRQHandler
                0x0000000008001664                EXTI3_IRQHandler
                0x0000000008001664                TIM1_UP_TIM10_IRQHandler
                0x0000000008001664                I2C3_ER_IRQHandler
                0x0000000008001664                EXTI0_IRQHandler
                0x0000000008001664                I2C2_EV_IRQHandler
                0x0000000008001664                DMA1_Stream2_IRQHandler
                0x0000000008001664                FPU_IRQHandler
                0x0000000008001664                DMA2_Stream2_IRQHandler
                0x0000000008001664                SPI1_IRQHandler
                0x0000000008001664                TIM1_BRK_TIM9_IRQHandler
                0x0000000008001664                DMA2_Stream3_IRQHandler
                0x0000000008001664                USART6_IRQHandler
                0x0000000008001664                DMA2_Stream0_IRQHandler
                0x0000000008001664                TIM4_IRQHandler
                0x0000000008001664                I2C1_EV_IRQHandler
                0x0000000008001664                DMA1_Stream6_IRQHandler
                0x0000000008001664                DMA1_Stream1_IRQHandler
                0x0000000008001664                TIM3_IRQHandler
                0x0000000008001664                RCC_IRQHandler
                0x0000000008001664                Default_Handler
                0x0000000008001664                EXTI15_10_IRQHandler
                0x0000000008001664                ADC_IRQHandler
                0x0000000008001664                DMA1_Stream7_IRQHandler
                0x0000000008001664                TIM5_IRQHandler
                0x0000000008001664                DMA2_Stream7_IRQHandler
                0x0000000008001664                I2C3_EV_IRQHandler
                0x0000000008001664                EXTI9_5_IRQHandler
                0x0000000008001664                RTC_WKUP_IRQHandler
                0x0000000008001664                SPI2_IRQHandler
                0x0000000008001664                DMA1_Stream0_IRQHandler
                0x0000000008001664                EXTI4_IRQHandler
                0x0000000008001664                WWDG_IRQHandler
                0x0000000008001664                TIM2_IRQHandler
                0x0000000008001664                OTG_FS_WKUP_IRQHandler
                0x0000000008001664                TIM1_TRG_COM_TIM11_IRQHandler
                0x0000000008001664                EXTI1_IRQHandler
                0x0000000008001664                USART2_IRQHandler
                0x0000000008001664                I2C2_ER_IRQHandler
                0x0000000008001664                DMA2_Stream1_IRQHandler
                0x0000000008001664                FLASH_IRQHandler
                0x0000000008001664                DMA2_Stream4_IRQHandler
                0x0000000008001664                USART1_IRQHandler
                0x0000000008001664                SPI3_IRQHandler
                0x0000000008001664                DMA1_Stream4_IRQHandler
                0x0000000008001664                I2C1_ER_IRQHandler
                0x0000000008001664                DMA2_Stream6_IRQHandler
                0x0000000008001664                DMA1_Stream3_IRQHandler
 *fill*         0x0000000008001666        0x2 
 .text.HAL_Init
                0x0000000008001668       0x44 ./Drivers/STM32F4xx_HAL_Driver/Src/stm32f4xx_hal.o
                0x0000000008001668                HAL_Init
 .text.HAL_InitTick
                0x00000000080016ac       0x60 ./Drivers/STM32F4xx_HAL_Driver/Src/stm32f4xx_hal.o
                0x00000000080016ac                HAL_InitTick
 .text.HAL_GetTick
                0x000000000800170c       0x18 ./Drivers/STM32F4xx_HAL_Driver/Src/stm32f4xx_hal.o
                0x000000000800170c                HAL_GetTick
 .text.HAL_Delay
                0x0000000008001724       0x48 ./Drivers/STM32F4xx_HAL_Driver/Src/stm32f4xx_hal.o
                0x0000000008001724                HAL_Delay
 .text.HAL_ADC_Init
                0x000000000800176c       0x86 ./Drivers/STM32F4xx_HAL_Driver/Src/stm32f4xx_hal_adc.o
                0x000000000800176c                HAL_ADC_Init
 *fill*         0x00000000080017f2        0x2 
 .text.HAL_ADC_Start
                0x00000000080017f4      0x168 ./Drivers/STM32F4xx_HAL_Driver/Src/stm32f4xx_hal_adc.o
                0x00000000080017f4                HAL_ADC_Start
 .text.HAL_ADC_PollForConversion
                0x000000000800195c      0x116 ./Drivers/STM32F4xx_HAL_Driver/Src/stm32f4xx_hal_adc.o
                0x000000000800195c                HAL_ADC_PollForConversion
 .text.HAL_ADC_GetValue
                0x0000000008001a72       0x1a ./Drivers/STM32F4xx_HAL_Driver/Src/stm32f4xx_hal_adc.o
                0x0000000008001a72                HAL_ADC_GetValue
 .text.HAL_ADC_ConfigChannel
                0x0000000008001a8c      0x244 ./Drivers/STM32F4xx_HAL_Driver/Src/stm32f4xx_hal_adc.o
                0x0000000008001a8c                HAL_ADC_ConfigChannel
 .text.ADC_Init
                0x0000000008001cd0      0x1f8 ./Drivers/STM32F4xx_HAL_Driver/Src/stm32f4xx_hal_adc.o
 .text.__NVIC_SetPriorityGrouping
                0x0000000008001ec8       0x48 ./Drivers/STM32F4xx_HAL_Driver/Src/stm32f4xx_hal_cortex.o
 .text.__NVIC_GetPriorityGrouping
                0x0000000008001f10       0x1c ./Drivers/STM32F4xx_HAL_Driver/Src/stm32f4xx_hal_cortex.o
 .text.__NVIC_EnableIRQ
                0x0000000008001f2c       0x3c ./Drivers/STM32F4xx_HAL_Driver/Src/stm32f4xx_hal_cortex.o
 .text.__NVIC_SetPriority
                0x0000000008001f68       0x54 ./Drivers/STM32F4xx_HAL_Driver/Src/stm32f4xx_hal_cortex.o
 .text.NVIC_EncodePriority
                0x0000000008001fbc       0x66 ./Drivers/STM32F4xx_HAL_Driver/Src/stm32f4xx_hal_cortex.o
 *fill*         0x0000000008002022        0x2 
 .text.SysTick_Config
                0x0000000008002024       0x44 ./Drivers/STM32F4xx_HAL_Driver/Src/stm32f4xx_hal_cortex.o
 .text.HAL_NVIC_SetPriorityGrouping
                0x0000000008002068       0x16 ./Drivers/STM32F4xx_HAL_Driver/Src/stm32f4xx_hal_cortex.o
                0x0000000008002068                HAL_NVIC_SetPriorityGrouping
 .text.HAL_NVIC_SetPriority
                0x000000000800207e       0x38 ./Drivers/STM32F4xx_HAL_Driver/Src/stm32f4xx_hal_cortex.o
                0x000000000800207e                HAL_NVIC_SetPriority
 .text.HAL_NVIC_EnableIRQ
                0x00000000080020b6       0x1c ./Drivers/STM32F4xx_HAL_Driver/Src/stm32f4xx_hal_cortex.o
                0x00000000080020b6                HAL_NVIC_EnableIRQ
 .text.HAL_SYSTICK_Config
                0x00000000080020d2       0x18 ./Drivers/STM32F4xx_HAL_Driver/Src/stm32f4xx_hal_cortex.o
                0x00000000080020d2                HAL_SYSTICK_Config
 *fill*         0x00000000080020ea        0x2 
 .text.HAL_GPIO_Init
                0x00000000080020ec      0x308 ./Drivers/STM32F4xx_HAL_Driver/Src/stm32f4xx_hal_gpio.o
                0x00000000080020ec                HAL_GPIO_Init
 .text.HAL_I2C_Init
                0x00000000080023f4      0x288 ./Drivers/STM32F4xx_HAL_Driver/Src/stm32f4xx_hal_i2c.o
                0x00000000080023f4                HAL_I2C_Init
 .text.HAL_I2C_Master_Transmit
                0x000000000800267c      0x1fc ./Drivers/STM32F4xx_HAL_Driver/Src/stm32f4xx_hal_i2c.o
                0x000000000800267c                HAL_I2C_Master_Transmit
 .text.HAL_I2C_IsDeviceReady
                0x0000000008002878      0x25c ./Drivers/STM32F4xx_HAL_Driver/Src/stm32f4xx_hal_i2c.o
                0x0000000008002878                HAL_I2C_IsDeviceReady
 .text.I2C_MasterRequestWrite
                0x0000000008002ad4      0x104 ./Drivers/STM32F4xx_HAL_Driver/Src/stm32f4xx_hal_i2c.o
 .text.I2C_WaitOnFlagUntilTimeout
                0x0000000008002bd8       0xae ./Drivers/STM32F4xx_HAL_Driver/Src/stm32f4xx_hal_i2c.o
 .text.I2C_WaitOnMasterAddressFlagUntilTimeout
                0x0000000008002c86       0xfe ./Drivers/STM32F4xx_HAL_Driver/Src/stm32f4xx_hal_i2c.o
 .text.I2C_WaitOnTXEFlagUntilTimeout
                0x0000000008002d84       0x82 ./Drivers/STM32F4xx_HAL_Driver/Src/stm32f4xx_hal_i2c.o
 .text.I2C_WaitOnBTFFlagUntilTimeout
                0x0000000008002e06       0x82 ./Drivers/STM32F4xx_HAL_Driver/Src/stm32f4xx_hal_i2c.o
 .text.I2C_IsAcknowledgeFailed
                0x0000000008002e88       0x5e ./Drivers/STM32F4xx_HAL_Driver/Src/stm32f4xx_hal_i2c.o
 .text.HAL_PCD_Init
                0x0000000008002ee6      0x23a ./Drivers/STM32F4xx_HAL_Driver/Src/stm32f4xx_hal_pcd.o
                0x0000000008002ee6                HAL_PCD_Init
 .text.HAL_PCD_Start
                0x0000000008003120       0x66 ./Drivers/STM32F4xx_HAL_Driver/Src/stm32f4xx_hal_pcd.o
                0x0000000008003120                HAL_PCD_Start
 .text.HAL_PCD_IRQHandler
                0x0000000008003186      0x764 ./Drivers/STM32F4xx_HAL_Driver/Src/stm32f4xx_hal_pcd.o
                0x0000000008003186                HAL_PCD_IRQHandler
 .text.HAL_PCD_SetAddress
                0x00000000080038ea       0x4a ./Drivers/STM32F4xx_HAL_Driver/Src/stm32f4xx_hal_pcd.o
                0x00000000080038ea                HAL_PCD_SetAddress
 .text.HAL_PCD_EP_Open
                0x0000000008003934       0xd0 ./Drivers/STM32F4xx_HAL_Driver/Src/stm32f4xx_hal_pcd.o
                0x0000000008003934                HAL_PCD_EP_Open
 .text.HAL_PCD_EP_Close
                0x0000000008003a04       0x94 ./Drivers/STM32F4xx_HAL_Driver/Src/stm32f4xx_hal_pcd.o
                0x0000000008003a04                HAL_PCD_EP_Close
 .text.HAL_PCD_EP_Receive
                0x0000000008003a98       0x96 ./Drivers/STM32F4xx_HAL_Driver/Src/stm32f4xx_hal_pcd.o
                0x0000000008003a98                HAL_PCD_EP_Receive
 .text.HAL_PCD_EP_GetRxCount
                0x0000000008003b2e       0x30 ./Drivers/STM32F4xx_HAL_Driver/Src/stm32f4xx_hal_pcd.o
                0x0000000008003b2e                HAL_PCD_EP_GetRxCount
 .text.HAL_PCD_EP_Transmit
                0x0000000008003b5e       0x94 ./Drivers/STM32F4xx_HAL_Driver/Src/stm32f4xx_hal_pcd.o
                0x0000000008003b5e                HAL_PCD_EP_Transmit
 .text.HAL_PCD_EP_SetStall
                0x0000000008003bf2       0xc8 ./Drivers/STM32F4xx_HAL_Driver/Src/stm32f4xx_hal_pcd.o
                0x0000000008003bf2                HAL_PCD_EP_SetStall
 .text.HAL_PCD_EP_ClrStall
                0x0000000008003cba       0xac ./Drivers/STM32F4xx_HAL_Driver/Src/stm32f4xx_hal_pcd.o
                0x0000000008003cba                HAL_PCD_EP_ClrStall
 .text.PCD_WriteEmptyTxFifo
                0x0000000008003d66      0x11a ./Drivers/STM32F4xx_HAL_Driver/Src/stm32f4xx_hal_pcd.o
 .text.PCD_EP_OutXfrComplete_int
                0x0000000008003e80      0x218 ./Drivers/STM32F4xx_HAL_Driver/Src/stm32f4xx_hal_pcd.o
 .text.PCD_EP_OutSetupPacket_int
                0x0000000008004098       0x8c ./Drivers/STM32F4xx_HAL_Driver/Src/stm32f4xx_hal_pcd.o
 .text.HAL_PCDEx_SetTxFiFo
                0x0000000008004124       0x8e ./Drivers/STM32F4xx_HAL_Driver/Src/stm32f4xx_hal_pcd_ex.o
                0x0000000008004124                HAL_PCDEx_SetTxFiFo
 .text.HAL_PCDEx_SetRxFiFo
                0x00000000080041b2       0x22 ./Drivers/STM32F4xx_HAL_Driver/Src/stm32f4xx_hal_pcd_ex.o
                0x00000000080041b2                HAL_PCDEx_SetRxFiFo
 .text.HAL_PCDEx_LPM_Callback
                0x00000000080041d4       0x18 ./Drivers/STM32F4xx_HAL_Driver/Src/stm32f4xx_hal_pcd_ex.o
                0x00000000080041d4                HAL_PCDEx_LPM_Callback
 .text.HAL_RCC_OscConfig
                0x00000000080041ec      0x4f0 ./Drivers/STM32F4xx_HAL_Driver/Src/stm32f4xx_hal_rcc.o
                0x00000000080041ec                HAL_RCC_OscConfig
 .text.HAL_RCC_ClockConfig
                0x00000000080046dc      0x1cc ./Drivers/STM32F4xx_HAL_Driver/Src/stm32f4xx_hal_rcc.o
                0x00000000080046dc                HAL_RCC_ClockConfig
 .text.HAL_RCC_GetSysClockFreq
                0x00000000080048a8      0x16c ./Drivers/STM32F4xx_HAL_Driver/Src/stm32f4xx_hal_rcc.o
                0x00000000080048a8                HAL_RCC_GetSysClockFreq
 .text.HAL_RCC_GetHCLKFreq
                0x0000000008004a14       0x18 ./Drivers/STM32F4xx_HAL_Driver/Src/stm32f4xx_hal_rcc.o
                0x0000000008004a14                HAL_RCC_GetHCLKFreq
 .text.HAL_RCC_GetPCLK1Freq
                0x0000000008004a2c       0x28 ./Drivers/STM32F4xx_HAL_Driver/Src/stm32f4xx_hal_rcc.o
                0x0000000008004a2c                HAL_RCC_GetPCLK1Freq
 .text.USB_CoreInit
                0x0000000008004a54       0xc2 ./Drivers/STM32F4xx_HAL_Driver/Src/stm32f4xx_ll_usb.o
                0x0000000008004a54                USB_CoreInit
 *fill*         0x0000000008004b16        0x2 
 .text.USB_SetTurnaroundTime
                0x0000000008004b18      0x144 ./Drivers/STM32F4xx_HAL_Driver/Src/stm32f4xx_ll_usb.o
                0x0000000008004b18                USB_SetTurnaroundTime
 .text.USB_EnableGlobalInt
                0x0000000008004c5c       0x22 ./Drivers/STM32F4xx_HAL_Driver/Src/stm32f4xx_ll_usb.o
                0x0000000008004c5c                USB_EnableGlobalInt
 .text.USB_DisableGlobalInt
                0x0000000008004c7e       0x22 ./Drivers/STM32F4xx_HAL_Driver/Src/stm32f4xx_ll_usb.o
                0x0000000008004c7e                USB_DisableGlobalInt
 .text.USB_SetCurrentMode
                0x0000000008004ca0       0x98 ./Drivers/STM32F4xx_HAL_Driver/Src/stm32f4xx_ll_usb.o
                0x0000000008004ca0                USB_SetCurrentMode
 .text.USB_DevInit
                0x0000000008004d38      0x2c8 ./Drivers/STM32F4xx_HAL_Driver/Src/stm32f4xx_ll_usb.o
                0x0000000008004d38                USB_DevInit
 .text.USB_FlushTxFifo
                0x0000000008005000       0x48 ./Drivers/STM32F4xx_HAL_Driver/Src/stm32f4xx_ll_usb.o
                0x0000000008005000                USB_FlushTxFifo
 .text.USB_FlushRxFifo
                0x0000000008005048       0x40 ./Drivers/STM32F4xx_HAL_Driver/Src/stm32f4xx_ll_usb.o
                0x0000000008005048                USB_FlushRxFifo
 .text.USB_SetDevSpeed
                0x0000000008005088       0x32 ./Drivers/STM32F4xx_HAL_Driver/Src/stm32f4xx_ll_usb.o
                0x0000000008005088                USB_SetDevSpeed
 .text.USB_GetDevSpeed
                0x00000000080050ba       0x4a ./Drivers/STM32F4xx_HAL_Driver/Src/stm32f4xx_ll_usb.o
                0x00000000080050ba                USB_GetDevSpeed
 .text.USB_ActivateEndpoint
                0x0000000008005104      0x10e ./Drivers/STM32F4xx_HAL_Driver/Src/stm32f4xx_ll_usb.o
                0x0000000008005104                USB_ActivateEndpoint
 *fill*         0x0000000008005212        0x2 
 .text.USB_DeactivateEndpoint
                0x0000000008005214      0x1b8 ./Drivers/STM32F4xx_HAL_Driver/Src/stm32f4xx_ll_usb.o
                0x0000000008005214                USB_DeactivateEndpoint
 .text.USB_EPStartXfer
                0x00000000080053cc      0x488 ./Drivers/STM32F4xx_HAL_Driver/Src/stm32f4xx_ll_usb.o
                0x00000000080053cc                USB_EPStartXfer
 .text.USB_EP0StartXfer
                0x0000000008005854      0x2a6 ./Drivers/STM32F4xx_HAL_Driver/Src/stm32f4xx_ll_usb.o
                0x0000000008005854                USB_EP0StartXfer
 .text.USB_WritePacket
                0x0000000008005afa       0x7c ./Drivers/STM32F4xx_HAL_Driver/Src/stm32f4xx_ll_usb.o
                0x0000000008005afa                USB_WritePacket
 .text.USB_ReadPacket
                0x0000000008005b76       0xb0 ./Drivers/STM32F4xx_HAL_Driver/Src/stm32f4xx_ll_usb.o
                0x0000000008005b76                USB_ReadPacket
 .text.USB_EPSetStall
                0x0000000008005c26       0xdc ./Drivers/STM32F4xx_HAL_Driver/Src/stm32f4xx_ll_usb.o
                0x0000000008005c26                USB_EPSetStall
 .text.USB_EPClearStall
                0x0000000008005d02       0xcc ./Drivers/STM32F4xx_HAL_Driver/Src/stm32f4xx_ll_usb.o
                0x0000000008005d02                USB_EPClearStall
 .text.USB_SetDevAddress
                0x0000000008005dce       0x4c ./Drivers/STM32F4xx_HAL_Driver/Src/stm32f4xx_ll_usb.o
                0x0000000008005dce                USB_SetDevAddress
 .text.USB_DevConnect
                0x0000000008005e1a       0x42 ./Drivers/STM32F4xx_HAL_Driver/Src/stm32f4xx_ll_usb.o
                0x0000000008005e1a                USB_DevConnect
 .text.USB_DevDisconnect
                0x0000000008005e5c       0x42 ./Drivers/STM32F4xx_HAL_Driver/Src/stm32f4xx_ll_usb.o
                0x0000000008005e5c                USB_DevDisconnect
 .text.USB_ReadInterrupts
                0x0000000008005e9e       0x26 ./Drivers/STM32F4xx_HAL_Driver/Src/stm32f4xx_ll_usb.o
                0x0000000008005e9e                USB_ReadInterrupts
 .text.USB_ReadDevAllOutEpInterrupt
                0x0000000008005ec4       0x34 ./Drivers/STM32F4xx_HAL_Driver/Src/stm32f4xx_ll_usb.o
                0x0000000008005ec4                USB_ReadDevAllOutEpInterrupt
 .text.USB_ReadDevAllInEpInterrupt
                0x0000000008005ef8       0x34 ./Drivers/STM32F4xx_HAL_Driver/Src/stm32f4xx_ll_usb.o
                0x0000000008005ef8                USB_ReadDevAllInEpInterrupt
 .text.USB_ReadDevOutEPInterrupt
                0x0000000008005f2c       0x3c ./Drivers/STM32F4xx_HAL_Driver/Src/stm32f4xx_ll_usb.o
                0x0000000008005f2c                USB_ReadDevOutEPInterrupt
 .text.USB_ReadDevInEPInterrupt
                0x0000000008005f68       0x5c ./Drivers/STM32F4xx_HAL_Driver/Src/stm32f4xx_ll_usb.o
                0x0000000008005f68                USB_ReadDevInEPInterrupt
 .text.USB_GetMode
                0x0000000008005fc4       0x1c ./Drivers/STM32F4xx_HAL_Driver/Src/stm32f4xx_ll_usb.o
                0x0000000008005fc4                USB_GetMode
 .text.USB_ActivateSetup
                0x0000000008005fe0       0x46 ./Drivers/STM32F4xx_HAL_Driver/Src/stm32f4xx_ll_usb.o
                0x0000000008005fe0                USB_ActivateSetup
 *fill*         0x0000000008006026        0x2 
 .text.USB_EP0_OutStart
                0x0000000008006028       0xbc ./Drivers/STM32F4xx_HAL_Driver/Src/stm32f4xx_ll_usb.o
                0x0000000008006028                USB_EP0_OutStart
 .text.USB_CoreReset
                0x00000000080060e4       0x64 ./Drivers/STM32F4xx_HAL_Driver/Src/stm32f4xx_ll_usb.o
 .text.USBD_CDC_Init
                0x0000000008006148       0xfe ./Middlewares/ST/STM32_USB_Device_Library/Class/CDC/Src/usbd_cdc.o
 .text.USBD_CDC_DeInit
                0x0000000008006246       0x74 ./Middlewares/ST/STM32_USB_Device_Library/Class/CDC/Src/usbd_cdc.o
 *fill*         0x00000000080062ba        0x2 
 .text.USBD_CDC_Setup
                0x00000000080062bc      0x190 ./Middlewares/ST/STM32_USB_Device_Library/Class/CDC/Src/usbd_cdc.o
 .text.USBD_CDC_DataIn
                0x000000000800644c       0xca ./Middlewares/ST/STM32_USB_Device_Library/Class/CDC/Src/usbd_cdc.o
 .text.USBD_CDC_DataOut
                0x0000000008006516       0x56 ./Middlewares/ST/STM32_USB_Device_Library/Class/CDC/Src/usbd_cdc.o
 .text.USBD_CDC_EP0_RxReady
                0x000000000800656c       0x5a ./Middlewares/ST/STM32_USB_Device_Library/Class/CDC/Src/usbd_cdc.o
 *fill*         0x00000000080065c6        0x2 
 .text.USBD_CDC_GetFSCfgDesc
                0x00000000080065c8       0x20 ./Middlewares/ST/STM32_USB_Device_Library/Class/CDC/Src/usbd_cdc.o
 .text.USBD_CDC_GetHSCfgDesc
                0x00000000080065e8       0x20 ./Middlewares/ST/STM32_USB_Device_Library/Class/CDC/Src/usbd_cdc.o
 .text.USBD_CDC_GetOtherSpeedCfgDesc
                0x0000000008006608       0x20 ./Middlewares/ST/STM32_USB_Device_Library/Class/CDC/Src/usbd_cdc.o
 .text.USBD_CDC_GetDeviceQualifierDescriptor
                0x0000000008006628       0x20 ./Middlewares/ST/STM32_USB_Device_Library/Class/CDC/Src/usbd_cdc.o
                0x0000000008006628                USBD_CDC_GetDeviceQualifierDescriptor
 .text.USBD_CDC_RegisterInterface
                0x0000000008006648       0x2a ./Middlewares/ST/STM32_USB_Device_Library/Class/CDC/Src/usbd_cdc.o
                0x0000000008006648                USBD_CDC_RegisterInterface
 .text.USBD_CDC_SetTxBuffer
                0x0000000008006672       0x3c ./Middlewares/ST/STM32_USB_Device_Library/Class/CDC/Src/usbd_cdc.o
                0x0000000008006672                USBD_CDC_SetTxBuffer
 .text.USBD_CDC_SetRxBuffer
                0x00000000080066ae       0x32 ./Middlewares/ST/STM32_USB_Device_Library/Class/CDC/Src/usbd_cdc.o
                0x00000000080066ae                USBD_CDC_SetRxBuffer
 .text.USBD_CDC_TransmitPacket
                0x00000000080066e0       0x60 ./Middlewares/ST/STM32_USB_Device_Library/Class/CDC/Src/usbd_cdc.o
                0x00000000080066e0                USBD_CDC_TransmitPacket
 .text.USBD_CDC_ReceivePacket
                0x0000000008006740       0x54 ./Middlewares/ST/STM32_USB_Device_Library/Class/CDC/Src/usbd_cdc.o
                0x0000000008006740                USBD_CDC_ReceivePacket
 .text.USBD_Init
                0x0000000008006794       0x60 ./Middlewares/ST/STM32_USB_Device_Library/Core/Src/usbd_core.o
                0x0000000008006794                USBD_Init
 .text.USBD_RegisterClass
                0x00000000080067f4       0x4e ./Middlewares/ST/STM32_USB_Device_Library/Core/Src/usbd_core.o
                0x00000000080067f4                USBD_RegisterClass
 .text.USBD_Start
                0x0000000008006842       0x18 ./Middlewares/ST/STM32_USB_Device_Library/Core/Src/usbd_core.o
                0x0000000008006842                USBD_Start
 .text.USBD_RunTestMode
                0x000000000800685a       0x16 ./Middlewares/ST/STM32_USB_Device_Library/Core/Src/usbd_core.o
                0x000000000800685a                USBD_RunTestMode
 .text.USBD_SetClassConfig
                0x0000000008006870       0x38 ./Middlewares/ST/STM32_USB_Device_Library/Core/Src/usbd_core.o
                0x0000000008006870                USBD_SetClassConfig
 .text.USBD_ClrClassConfig
                0x00000000080068a8       0x30 ./Middlewares/ST/STM32_USB_Device_Library/Core/Src/usbd_core.o
                0x00000000080068a8                USBD_ClrClassConfig
 .text.USBD_LL_SetupStage
                0x00000000080068d8       0xaa ./Middlewares/ST/STM32_USB_Device_Library/Core/Src/usbd_core.o
                0x00000000080068d8                USBD_LL_SetupStage
 .text.USBD_LL_DataOutStage
                0x0000000008006982       0xc6 ./Middlewares/ST/STM32_USB_Device_Library/Core/Src/usbd_core.o
                0x0000000008006982                USBD_LL_DataOutStage
 .text.USBD_LL_DataInStage
                0x0000000008006a48      0x12c ./Middlewares/ST/STM32_USB_Device_Library/Core/Src/usbd_core.o
                0x0000000008006a48                USBD_LL_DataInStage
 .text.USBD_LL_Reset
                0x0000000008006b74       0x9c ./Middlewares/ST/STM32_USB_Device_Library/Core/Src/usbd_core.o
                0x0000000008006b74                USBD_LL_Reset
 .text.USBD_LL_SetSpeed
                0x0000000008006c10       0x20 ./Middlewares/ST/STM32_USB_Device_Library/Core/Src/usbd_core.o
                0x0000000008006c10                USBD_LL_SetSpeed
 .text.USBD_LL_Suspend
                0x0000000008006c30       0x2c ./Middlewares/ST/STM32_USB_Device_Library/Core/Src/usbd_core.o
                0x0000000008006c30                USBD_LL_Suspend
 .text.USBD_LL_Resume
                0x0000000008006c5c       0x30 ./Middlewares/ST/STM32_USB_Device_Library/Core/Src/usbd_core.o
                0x0000000008006c5c                USBD_LL_Resume
 .text.USBD_LL_SOF
                0x0000000008006c8c       0x44 ./Middlewares/ST/STM32_USB_Device_Library/Core/Src/usbd_core.o
                0x0000000008006c8c                USBD_LL_SOF
 .text.USBD_LL_IsoINIncomplete
                0x0000000008006cd0       0x4c ./Middlewares/ST/STM32_USB_Device_Library/Core/Src/usbd_core.o
                0x0000000008006cd0                USBD_LL_IsoINIncomplete
 .text.USBD_LL_IsoOUTIncomplete
                0x0000000008006d1c       0x4c ./Middlewares/ST/STM32_USB_Device_Library/Core/Src/usbd_core.o
                0x0000000008006d1c                USBD_LL_IsoOUTIncomplete
 .text.USBD_LL_DevConnected
                0x0000000008006d68       0x16 ./Middlewares/ST/STM32_USB_Device_Library/Core/Src/usbd_core.o
                0x0000000008006d68                USBD_LL_DevConnected
 .text.USBD_LL_DevDisconnected
                0x0000000008006d7e       0x38 ./Middlewares/ST/STM32_USB_Device_Library/Core/Src/usbd_core.o
                0x0000000008006d7e                USBD_LL_DevDisconnected
 .text.SWAPBYTE
                0x0000000008006db6       0x3c ./Middlewares/ST/STM32_USB_Device_Library/Core/Src/usbd_ctlreq.o
 *fill*         0x0000000008006df2        0x2 
 .text.USBD_StdDevReq
                0x0000000008006df4       0xdc ./Middlewares/ST/STM32_USB_Device_Library/Core/Src/usbd_ctlreq.o
                0x0000000008006df4                USBD_StdDevReq
 .text.USBD_StdItfReq
                0x0000000008006ed0       0x92 ./Middlewares/ST/STM32_USB_Device_Library/Core/Src/usbd_ctlreq.o
                0x0000000008006ed0                USBD_StdItfReq
 .text.USBD_StdEPReq
                0x0000000008006f62      0x2c4 ./Middlewares/ST/STM32_USB_Device_Library/Core/Src/usbd_ctlreq.o
                0x0000000008006f62                USBD_StdEPReq
 *fill*         0x0000000008007226        0x2 
 .text.USBD_GetDescriptor
                0x0000000008007228      0x2d4 ./Middlewares/ST/STM32_USB_Device_Library/Core/Src/usbd_ctlreq.o
 .text.USBD_SetAddress
                0x00000000080074fc       0x88 ./Middlewares/ST/STM32_USB_Device_Library/Core/Src/usbd_ctlreq.o
 .text.USBD_SetConfig
                0x0000000008007584      0x14c ./Middlewares/ST/STM32_USB_Device_Library/Core/Src/usbd_ctlreq.o
 .text.USBD_GetConfig
                0x00000000080076d0       0x6c ./Middlewares/ST/STM32_USB_Device_Library/Core/Src/usbd_ctlreq.o
 .text.USBD_GetStatus
                0x000000000800773c       0x68 ./Middlewares/ST/STM32_USB_Device_Library/Core/Src/usbd_ctlreq.o
 .text.USBD_SetFeature
                0x00000000080077a4       0x28 ./Middlewares/ST/STM32_USB_Device_Library/Core/Src/usbd_ctlreq.o
 .text.USBD_ClrFeature
                0x00000000080077cc       0x44 ./Middlewares/ST/STM32_USB_Device_Library/Core/Src/usbd_ctlreq.o
 .text.USBD_ParseSetupRequest
                0x0000000008007810       0x74 ./Middlewares/ST/STM32_USB_Device_Library/Core/Src/usbd_ctlreq.o
                0x0000000008007810                USBD_ParseSetupRequest
 .text.USBD_CtlError
                0x0000000008007884       0x22 ./Middlewares/ST/STM32_USB_Device_Library/Core/Src/usbd_ctlreq.o
                0x0000000008007884                USBD_CtlError
 .text.USBD_GetString
                0x00000000080078a6       0x8c ./Middlewares/ST/STM32_USB_Device_Library/Core/Src/usbd_ctlreq.o
                0x00000000080078a6                USBD_GetString
 .text.USBD_GetLen
                0x0000000008007932       0x34 ./Middlewares/ST/STM32_USB_Device_Library/Core/Src/usbd_ctlreq.o
 .text.USBD_CtlSendData
                0x0000000008007966       0x36 ./Middlewares/ST/STM32_USB_Device_Library/Core/Src/usbd_ioreq.o
                0x0000000008007966                USBD_CtlSendData
 .text.USBD_CtlContinueSendData
                0x000000000800799c       0x22 ./Middlewares/ST/STM32_USB_Device_Library/Core/Src/usbd_ioreq.o
                0x000000000800799c                USBD_CtlContinueSendData
 .text.USBD_CtlPrepareRx
                0x00000000080079be       0x3a ./Middlewares/ST/STM32_USB_Device_Library/Core/Src/usbd_ioreq.o
                0x00000000080079be                USBD_CtlPrepareRx
 .text.USBD_CtlContinueRx
                0x00000000080079f8       0x22 ./Middlewares/ST/STM32_USB_Device_Library/Core/Src/usbd_ioreq.o
                0x00000000080079f8                USBD_CtlContinueRx
 .text.USBD_CtlSendStatus
                0x0000000008007a1a       0x26 ./Middlewares/ST/STM32_USB_Device_Library/Core/Src/usbd_ioreq.o
                0x0000000008007a1a                USBD_CtlSendStatus
 .text.USBD_CtlReceiveStatus
                0x0000000008007a40       0x26 ./Middlewares/ST/STM32_USB_Device_Library/Core/Src/usbd_ioreq.o
                0x0000000008007a40                USBD_CtlReceiveStatus
 *fill*         0x0000000008007a66        0x2 
 .text.MX_USB_DEVICE_Init
                0x0000000008007a68       0x60 ./USB_DEVICE/App/usb_device.o
                0x0000000008007a68                MX_USB_DEVICE_Init
 .text.CDC_Init_FS
                0x0000000008007ac8       0x28 ./USB_DEVICE/App/usbd_cdc_if.o
 .text.CDC_DeInit_FS
                0x0000000008007af0       0x10 ./USB_DEVICE/App/usbd_cdc_if.o
 .text.CDC_Control_FS
                0x0000000008007b00       0xbc ./USB_DEVICE/App/usbd_cdc_if.o
 .text.CDC_Receive_FS
                0x0000000008007bbc       0x28 ./USB_DEVICE/App/usbd_cdc_if.o
 .text.CDC_Transmit_FS
                0x0000000008007be4       0x4c ./USB_DEVICE/App/usbd_cdc_if.o
                0x0000000008007be4                CDC_Transmit_FS
 .text.CDC_TransmitCplt_FS
                0x0000000008007c30       0x22 ./USB_DEVICE/App/usbd_cdc_if.o
 *fill*         0x0000000008007c52        0x2 
 .text.USBD_FS_DeviceDescriptor
                0x0000000008007c54       0x24 ./USB_DEVICE/App/usbd_desc.o
                0x0000000008007c54                USBD_FS_DeviceDescriptor
 .text.USBD_FS_LangIDStrDescriptor
                0x0000000008007c78       0x24 ./USB_DEVICE/App/usbd_desc.o
                0x0000000008007c78                USBD_FS_LangIDStrDescriptor
 .text.USBD_FS_ProductStrDescriptor
                0x0000000008007c9c       0x3c ./USB_DEVICE/App/usbd_desc.o
                0x0000000008007c9c                USBD_FS_ProductStrDescriptor
 .text.USBD_FS_ManufacturerStrDescriptor
                0x0000000008007cd8       0x28 ./USB_DEVICE/App/usbd_desc.o
                0x0000000008007cd8                USBD_FS_ManufacturerStrDescriptor
 .text.USBD_FS_SerialStrDescriptor
                0x0000000008007d00       0x24 ./USB_DEVICE/App/usbd_desc.o
                0x0000000008007d00                USBD_FS_SerialStrDescriptor
 .text.USBD_FS_ConfigStrDescriptor
                0x0000000008007d24       0x3c ./USB_DEVICE/App/usbd_desc.o
                0x0000000008007d24                USBD_FS_ConfigStrDescriptor
 .text.USBD_FS_InterfaceStrDescriptor
                0x0000000008007d60       0x3c ./USB_DEVICE/App/usbd_desc.o
                0x0000000008007d60                USBD_FS_InterfaceStrDescriptor
 .text.Get_SerialNum
                0x0000000008007d9c       0x58 ./USB_DEVICE/App/usbd_desc.o
 .text.IntToUnicode
                0x0000000008007df4       0x7e ./USB_DEVICE/App/usbd_desc.o
 *fill*         0x0000000008007e72        0x2 
 .text.HAL_PCD_MspInit
                0x0000000008007e74       0xa8 ./USB_DEVICE/Target/usbd_conf.o
                0x0000000008007e74                HAL_PCD_MspInit
 .text.HAL_PCD_SetupStageCallback
                0x0000000008007f1c       0x24 ./USB_DEVICE/Target/usbd_conf.o
                0x0000000008007f1c                HAL_PCD_SetupStageCallback
 .text.HAL_PCD_DataOutStageCallback
                0x0000000008007f40       0x36 ./USB_DEVICE/Target/usbd_conf.o
                0x0000000008007f40                HAL_PCD_DataOutStageCallback
 .text.HAL_PCD_DataInStageCallback
                0x0000000008007f76       0x34 ./USB_DEVICE/Target/usbd_conf.o
                0x0000000008007f76                HAL_PCD_DataInStageCallback
 .text.HAL_PCD_SOFCallback
                0x0000000008007faa       0x1c ./USB_DEVICE/Target/usbd_conf.o
                0x0000000008007faa                HAL_PCD_SOFCallback
 .text.HAL_PCD_ResetCallback
                0x0000000008007fc6       0x3c ./USB_DEVICE/Target/usbd_conf.o
                0x0000000008007fc6                HAL_PCD_ResetCallback
 *fill*         0x0000000008008002        0x2 
 .text.HAL_PCD_SuspendCallback
                0x0000000008008004       0x4c ./USB_DEVICE/Target/usbd_conf.o
                0x0000000008008004                HAL_PCD_SuspendCallback
 .text.HAL_PCD_ResumeCallback
                0x0000000008008050       0x1c ./USB_DEVICE/Target/usbd_conf.o
                0x0000000008008050                HAL_PCD_ResumeCallback
 .text.HAL_PCD_ISOOUTIncompleteCallback
                0x000000000800806c       0x24 ./USB_DEVICE/Target/usbd_conf.o
                0x000000000800806c                HAL_PCD_ISOOUTIncompleteCallback
 .text.HAL_PCD_ISOINIncompleteCallback
                0x0000000008008090       0x24 ./USB_DEVICE/Target/usbd_conf.o
                0x0000000008008090                HAL_PCD_ISOINIncompleteCallback
 .text.HAL_PCD_ConnectCallback
                0x00000000080080b4       0x1c ./USB_DEVICE/Target/usbd_conf.o
                0x00000000080080b4                HAL_PCD_ConnectCallback
 .text.HAL_PCD_DisconnectCallback
                0x00000000080080d0       0x1c ./USB_DEVICE/Target/usbd_conf.o
                0x00000000080080d0                HAL_PCD_DisconnectCallback
 .text.USBD_LL_Init
                0x00000000080080ec       0x98 ./USB_DEVICE/Target/usbd_conf.o
                0x00000000080080ec                USBD_LL_Init
 .text.USBD_LL_Start
                0x0000000008008184       0x36 ./USB_DEVICE/Target/usbd_conf.o
                0x0000000008008184                USBD_LL_Start
 .text.USBD_LL_OpenEP
                0x00000000080081ba       0x4c ./USB_DEVICE/Target/usbd_conf.o
                0x00000000080081ba                USBD_LL_OpenEP
 .text.USBD_LL_CloseEP
                0x0000000008008206       0x3e ./USB_DEVICE/Target/usbd_conf.o
                0x0000000008008206                USBD_LL_CloseEP
 .text.USBD_LL_StallEP
                0x0000000008008244       0x3e ./USB_DEVICE/Target/usbd_conf.o
                0x0000000008008244                USBD_LL_StallEP
 .text.USBD_LL_ClearStallEP
                0x0000000008008282       0x3e ./USB_DEVICE/Target/usbd_conf.o
                0x0000000008008282                USBD_LL_ClearStallEP
 .text.USBD_LL_IsStallEP
                0x00000000080082c0       0x58 ./USB_DEVICE/Target/usbd_conf.o
                0x00000000080082c0                USBD_LL_IsStallEP
 .text.USBD_LL_SetUSBAddress
                0x0000000008008318       0x3e ./USB_DEVICE/Target/usbd_conf.o
                0x0000000008008318                USBD_LL_SetUSBAddress
 .text.USBD_LL_Transmit
                0x0000000008008356       0x42 ./USB_DEVICE/Target/usbd_conf.o
                0x0000000008008356                USBD_LL_Transmit
 .text.USBD_LL_PrepareReceive
                0x0000000008008398       0x42 ./USB_DEVICE/Target/usbd_conf.o
                0x0000000008008398                USBD_LL_PrepareReceive
 .text.USBD_LL_GetRxDataSize
                0x00000000080083da       0x26 ./USB_DEVICE/Target/usbd_conf.o
                0x00000000080083da                USBD_LL_GetRxDataSize
 .text.USBD_static_malloc
                0x0000000008008400       0x1c ./USB_DEVICE/Target/usbd_conf.o
                0x0000000008008400                USBD_static_malloc
 .text.USBD_static_free
                0x000000000800841c       0x14 ./USB_DEVICE/Target/usbd_conf.o
                0x000000000800841c                USBD_static_free
 .text.USBD_Get_USB_Status
                0x0000000008008430       0x58 ./USB_DEVICE/Target/usbd_conf.o
                0x0000000008008430                USBD_Get_USB_Status
 .text.__libc_init_array
                0x0000000008008488       0x48 c:/st/stm32cubeide_1.8.0/stm32cubeide/plugins/com.st.stm32cube.ide.mcu.externaltools.gnu-tools-for-stm32.9-2020-q2-update.win32_2.0.0.202105311346/tools/bin/../lib/gcc/arm-none-eabi/9.3.1/../../../../arm-none-eabi/lib/thumb/v7e-m+fp/hard\libc_nano.a(lib_a-init.o)
                0x0000000008008488                __libc_init_array
 .text.__itoa   0x00000000080084d0       0x30 c:/st/stm32cubeide_1.8.0/stm32cubeide/plugins/com.st.stm32cube.ide.mcu.externaltools.gnu-tools-for-stm32.9-2020-q2-update.win32_2.0.0.202105311346/tools/bin/../lib/gcc/arm-none-eabi/9.3.1/../../../../arm-none-eabi/lib/thumb/v7e-m+fp/hard\libc_nano.a(lib_a-itoa.o)
                0x00000000080084d0                __itoa
 .text.itoa     0x0000000008008500        0x4 c:/st/stm32cubeide_1.8.0/stm32cubeide/plugins/com.st.stm32cube.ide.mcu.externaltools.gnu-tools-for-stm32.9-2020-q2-update.win32_2.0.0.202105311346/tools/bin/../lib/gcc/arm-none-eabi/9.3.1/../../../../arm-none-eabi/lib/thumb/v7e-m+fp/hard\libc_nano.a(lib_a-itoa.o)
                0x0000000008008500                itoa
 .text.memset   0x0000000008008504       0x10 c:/st/stm32cubeide_1.8.0/stm32cubeide/plugins/com.st.stm32cube.ide.mcu.externaltools.gnu-tools-for-stm32.9-2020-q2-update.win32_2.0.0.202105311346/tools/bin/../lib/gcc/arm-none-eabi/9.3.1/../../../../arm-none-eabi/lib/thumb/v7e-m+fp/hard\libc_nano.a(lib_a-memset.o)
                0x0000000008008504                memset
 .text.__utoa   0x0000000008008514       0x84 c:/st/stm32cubeide_1.8.0/stm32cubeide/plugins/com.st.stm32cube.ide.mcu.externaltools.gnu-tools-for-stm32.9-2020-q2-update.win32_2.0.0.202105311346/tools/bin/../lib/gcc/arm-none-eabi/9.3.1/../../../../arm-none-eabi/lib/thumb/v7e-m+fp/hard\libc_nano.a(lib_a-utoa.o)
                0x0000000008008514                __utoa
 *(.glue_7)
 .glue_7        0x0000000008008598        0x0 linker stubs
 *(.glue_7t)
 .glue_7t       0x0000000008008598        0x0 linker stubs
 *(.eh_frame)
 .eh_frame      0x0000000008008598        0x0 c:/st/stm32cubeide_1.8.0/stm32cubeide/plugins/com.st.stm32cube.ide.mcu.externaltools.gnu-tools-for-stm32.9-2020-q2-update.win32_2.0.0.202105311346/tools/bin/../lib/gcc/arm-none-eabi/9.3.1/thumb/v7e-m+fp/hard/crtbegin.o
 *(.init)
 .init          0x0000000008008598        0x4 c:/st/stm32cubeide_1.8.0/stm32cubeide/plugins/com.st.stm32cube.ide.mcu.externaltools.gnu-tools-for-stm32.9-2020-q2-update.win32_2.0.0.202105311346/tools/bin/../lib/gcc/arm-none-eabi/9.3.1/thumb/v7e-m+fp/hard/crti.o
                0x0000000008008598                _init
 .init          0x000000000800859c        0x8 c:/st/stm32cubeide_1.8.0/stm32cubeide/plugins/com.st.stm32cube.ide.mcu.externaltools.gnu-tools-for-stm32.9-2020-q2-update.win32_2.0.0.202105311346/tools/bin/../lib/gcc/arm-none-eabi/9.3.1/thumb/v7e-m+fp/hard/crtn.o
 *(.fini)
 .fini          0x00000000080085a4        0x4 c:/st/stm32cubeide_1.8.0/stm32cubeide/plugins/com.st.stm32cube.ide.mcu.externaltools.gnu-tools-for-stm32.9-2020-q2-update.win32_2.0.0.202105311346/tools/bin/../lib/gcc/arm-none-eabi/9.3.1/thumb/v7e-m+fp/hard/crti.o
                0x00000000080085a4                _fini
 .fini          0x00000000080085a8        0x8 c:/st/stm32cubeide_1.8.0/stm32cubeide/plugins/com.st.stm32cube.ide.mcu.externaltools.gnu-tools-for-stm32.9-2020-q2-update.win32_2.0.0.202105311346/tools/bin/../lib/gcc/arm-none-eabi/9.3.1/thumb/v7e-m+fp/hard/crtn.o
                0x00000000080085b0                . = ALIGN (0x4)
                0x00000000080085b0                _etext = .

.vfp11_veneer   0x00000000080085b0        0x0
 .vfp11_veneer  0x00000000080085b0        0x0 linker stubs

.v4_bx          0x00000000080085b0        0x0
 .v4_bx         0x00000000080085b0        0x0 linker stubs

.iplt           0x00000000080085b0        0x0
 .iplt          0x00000000080085b0        0x0 c:/st/stm32cubeide_1.8.0/stm32cubeide/plugins/com.st.stm32cube.ide.mcu.externaltools.gnu-tools-for-stm32.9-2020-q2-update.win32_2.0.0.202105311346/tools/bin/../lib/gcc/arm-none-eabi/9.3.1/thumb/v7e-m+fp/hard/crtbegin.o

.rodata         0x00000000080085b0       0x98
                0x00000000080085b0                . = ALIGN (0x4)
 *(.rodata)
 .rodata        0x00000000080085b0       0x10 ./Core/Src/liquidcrystal_i2c.o
 .rodata        0x00000000080085c0       0x46 ./USB_DEVICE/App/usbd_desc.o
 *(.rodata*)
 *fill*         0x0000000008008606        0x2 
 .rodata.AHBPrescTable
                0x0000000008008608       0x10 ./Core/Src/system_stm32f4xx.o
                0x0000000008008608                AHBPrescTable
 .rodata.APBPrescTable
                0x0000000008008618        0x8 ./Core/Src/system_stm32f4xx.o
                0x0000000008008618                APBPrescTable
 .rodata.__utoa.str1.1
                0x0000000008008620       0x25 c:/st/stm32cubeide_1.8.0/stm32cubeide/plugins/com.st.stm32cube.ide.mcu.externaltools.gnu-tools-for-stm32.9-2020-q2-update.win32_2.0.0.202105311346/tools/bin/../lib/gcc/arm-none-eabi/9.3.1/../../../../arm-none-eabi/lib/thumb/v7e-m+fp/hard\libc_nano.a(lib_a-utoa.o)
                0x0000000008008648                . = ALIGN (0x4)
 *fill*         0x0000000008008645        0x3 

.ARM.extab      0x0000000008008648        0x0
                0x0000000008008648                . = ALIGN (0x4)
 *(.ARM.extab* .gnu.linkonce.armextab.*)
                0x0000000008008648                . = ALIGN (0x4)

.ARM            0x0000000008008648        0x8
                0x0000000008008648                . = ALIGN (0x4)
                0x0000000008008648                __exidx_start = .
 *(.ARM.exidx*)
 .ARM.exidx     0x0000000008008648        0x8 c:/st/stm32cubeide_1.8.0/stm32cubeide/plugins/com.st.stm32cube.ide.mcu.externaltools.gnu-tools-for-stm32.9-2020-q2-update.win32_2.0.0.202105311346/tools/bin/../lib/gcc/arm-none-eabi/9.3.1/thumb/v7e-m+fp/hard\libgcc.a(_udivmoddi4.o)
                0x0000000008008650                __exidx_end = .
                0x0000000008008650                . = ALIGN (0x4)

.rel.dyn        0x0000000008008650        0x0
 .rel.iplt      0x0000000008008650        0x0 c:/st/stm32cubeide_1.8.0/stm32cubeide/plugins/com.st.stm32cube.ide.mcu.externaltools.gnu-tools-for-stm32.9-2020-q2-update.win32_2.0.0.202105311346/tools/bin/../lib/gcc/arm-none-eabi/9.3.1/thumb/v7e-m+fp/hard/crtbegin.o

.preinit_array  0x0000000008008650        0x0
                0x0000000008008650                . = ALIGN (0x4)
                0x0000000008008650                PROVIDE (__preinit_array_start = .)
 *(.preinit_array*)
                0x0000000008008650                PROVIDE (__preinit_array_end = .)
                0x0000000008008650                . = ALIGN (0x4)

.init_array     0x0000000008008650        0x4
                0x0000000008008650                . = ALIGN (0x4)
                0x0000000008008650                PROVIDE (__init_array_start = .)
 *(SORT_BY_NAME(.init_array.*))
 *(.init_array*)
 .init_array    0x0000000008008650        0x4 c:/st/stm32cubeide_1.8.0/stm32cubeide/plugins/com.st.stm32cube.ide.mcu.externaltools.gnu-tools-for-stm32.9-2020-q2-update.win32_2.0.0.202105311346/tools/bin/../lib/gcc/arm-none-eabi/9.3.1/thumb/v7e-m+fp/hard/crtbegin.o
                0x0000000008008654                PROVIDE (__init_array_end = .)
                0x0000000008008654                . = ALIGN (0x4)

.fini_array     0x0000000008008654        0x4
                0x0000000008008654                . = ALIGN (0x4)
                [!provide]                        PROVIDE (__fini_array_start = .)
 *(SORT_BY_NAME(.fini_array.*))
 *(.fini_array*)
 .fini_array    0x0000000008008654        0x4 c:/st/stm32cubeide_1.8.0/stm32cubeide/plugins/com.st.stm32cube.ide.mcu.externaltools.gnu-tools-for-stm32.9-2020-q2-update.win32_2.0.0.202105311346/tools/bin/../lib/gcc/arm-none-eabi/9.3.1/thumb/v7e-m+fp/hard/crtbegin.o
                [!provide]                        PROVIDE (__fini_array_end = .)
                0x0000000008008658                . = ALIGN (0x4)
                0x0000000008008658                _sidata = LOADADDR (.data)

.data           0x0000000020000000      0x190 load address 0x0000000008008658
                0x0000000020000000                . = ALIGN (0x4)
                0x0000000020000000                _sdata = .
 *(.data)
 *(.data*)
 .data.special1
                0x0000000020000000        0x8 ./Core/Src/liquidcrystal_i2c.o
                0x0000000020000000                special1
 .data.special2
                0x0000000020000008        0x8 ./Core/Src/liquidcrystal_i2c.o
                0x0000000020000008                special2
 .data.SystemCoreClock
                0x0000000020000010        0x4 ./Core/Src/system_stm32f4xx.o
                0x0000000020000010                SystemCoreClock
 .data.uwTickPrio
                0x0000000020000014        0x4 ./Drivers/STM32F4xx_HAL_Driver/Src/stm32f4xx_hal.o
                0x0000000020000014                uwTickPrio
 .data.uwTickFreq
                0x0000000020000018        0x1 ./Drivers/STM32F4xx_HAL_Driver/Src/stm32f4xx_hal.o
                0x0000000020000018                uwTickFreq
 *fill*         0x0000000020000019        0x3 
 .data.USBD_CDC_DeviceQualifierDesc
                0x000000002000001c        0xa ./Middlewares/ST/STM32_USB_Device_Library/Class/CDC/Src/usbd_cdc.o
 *fill*         0x0000000020000026        0x2 
 .data.USBD_CDC
                0x0000000020000028       0x38 ./Middlewares/ST/STM32_USB_Device_Library/Class/CDC/Src/usbd_cdc.o
                0x0000000020000028                USBD_CDC
 .data.USBD_CDC_CfgHSDesc
                0x0000000020000060       0x43 ./Middlewares/ST/STM32_USB_Device_Library/Class/CDC/Src/usbd_cdc.o
 *fill*         0x00000000200000a3        0x1 
 .data.USBD_CDC_CfgFSDesc
                0x00000000200000a4       0x43 ./Middlewares/ST/STM32_USB_Device_Library/Class/CDC/Src/usbd_cdc.o
 *fill*         0x00000000200000e7        0x1 
 .data.USBD_CDC_OtherSpeedCfgDesc
                0x00000000200000e8       0x43 ./Middlewares/ST/STM32_USB_Device_Library/Class/CDC/Src/usbd_cdc.o
 *fill*         0x000000002000012b        0x1 
 .data.USBD_Interface_fops_FS
                0x000000002000012c       0x14 ./USB_DEVICE/App/usbd_cdc_if.o
                0x000000002000012c                USBD_Interface_fops_FS
 .data.FS_Desc  0x0000000020000140       0x1c ./USB_DEVICE/App/usbd_desc.o
                0x0000000020000140                FS_Desc
 .data.USBD_FS_DeviceDesc
                0x000000002000015c       0x12 ./USB_DEVICE/App/usbd_desc.o
                0x000000002000015c                USBD_FS_DeviceDesc
 *fill*         0x000000002000016e        0x2 
 .data.USBD_LangIDDesc
                0x0000000020000170        0x4 ./USB_DEVICE/App/usbd_desc.o
                0x0000000020000170                USBD_LangIDDesc
 .data.USBD_StringSerial
                0x0000000020000174       0x1a ./USB_DEVICE/App/usbd_desc.o
                0x0000000020000174                USBD_StringSerial
 *(.RamFunc)
 *(.RamFunc*)
                0x0000000020000190                . = ALIGN (0x4)
 *fill*         0x000000002000018e        0x2 
                0x0000000020000190                _edata = .

.igot.plt       0x0000000020000190        0x0 load address 0x00000000080087e8
 .igot.plt      0x0000000020000190        0x0 c:/st/stm32cubeide_1.8.0/stm32cubeide/plugins/com.st.stm32cube.ide.mcu.externaltools.gnu-tools-for-stm32.9-2020-q2-update.win32_2.0.0.202105311346/tools/bin/../lib/gcc/arm-none-eabi/9.3.1/thumb/v7e-m+fp/hard/crtbegin.o
                0x0000000020000190                . = ALIGN (0x4)

.bss            0x0000000020000190     0x13b8 load address 0x00000000080087e8
                0x0000000020000190                _sbss = .
                0x0000000020000190                __bss_start__ = _sbss
 *(.bss)
 .bss           0x0000000020000190       0x1c c:/st/stm32cubeide_1.8.0/stm32cubeide/plugins/com.st.stm32cube.ide.mcu.externaltools.gnu-tools-for-stm32.9-2020-q2-update.win32_2.0.0.202105311346/tools/bin/../lib/gcc/arm-none-eabi/9.3.1/thumb/v7e-m+fp/hard/crtbegin.o
 *(.bss*)
 .bss.LCD_Opt   0x00000000200001ac        0x5 ./Core/Src/liquidcrystal_i2c.o
 *fill*         0x00000000200001b1        0x3 
 .bss.strTemp   0x00000000200001b4        0x4 ./Core/Src/main.o
                0x00000000200001b4                strTemp
 .bss.sFlag     0x00000000200001b8        0x1 ./Core/Src/main.o
                0x00000000200001b8                sFlag
 *fill*         0x00000000200001b9        0x3 
 .bss.oldLen    0x00000000200001bc        0x4 ./Core/Src/main.o
                0x00000000200001bc                oldLen
 .bss.cfgidx.10448
                0x00000000200001c0        0x1 ./Middlewares/ST/STM32_USB_Device_Library/Core/Src/usbd_ctlreq.o
 *fill*         0x00000000200001c1        0x3 
 .bss.mem.10517
                0x00000000200001c4      0x220 ./USB_DEVICE/Target/usbd_conf.o
 *(COMMON)
 COMMON         0x00000000200003e4       0x48 ./Core/Src/adc.o
                0x00000000200003e4                hadc1
 COMMON         0x000000002000042c       0x54 ./Core/Src/i2c.o
                0x000000002000042c                hi2c1
 COMMON         0x0000000020000480       0x1c ./Core/Src/main.o
                0x0000000020000480                rawValue
                0x0000000020000484                Temp
                0x0000000020000488                MSG
 COMMON         0x000000002000049c        0x4 ./Drivers/STM32F4xx_HAL_Driver/Src/stm32f4xx_hal.o
                0x000000002000049c                uwTick
 COMMON         0x00000000200004a0      0x2d0 ./USB_DEVICE/App/usb_device.o
                0x00000000200004a0                hUsbDeviceFS
 COMMON         0x0000000020000770      0x7d0 ./USB_DEVICE/App/usbd_cdc_if.o
                0x0000000020000770                UserRxBufferFS
                0x0000000020000b58                UserTxBufferFS
 COMMON         0x0000000020000f40      0x200 ./USB_DEVICE/App/usbd_desc.o
                0x0000000020000f40                USBD_StrDesc
 COMMON         0x0000000020001140      0x408 ./USB_DEVICE/Target/usbd_conf.o
                0x0000000020001140                hpcd_USB_OTG_FS
                0x0000000020001548                . = ALIGN (0x4)
                0x0000000020001548                _ebss = .
                0x0000000020001548                __bss_end__ = _ebss

._user_heap_stack
                0x0000000020001548      0x600 load address 0x00000000080087e8
                0x0000000020001548                . = ALIGN (0x8)
                [!provide]                        PROVIDE (end = .)
                0x0000000020001548                PROVIDE (_end = .)
                0x0000000020001748                . = (. + _Min_Heap_Size)
 *fill*         0x0000000020001548      0x200 
                0x0000000020001b48                . = (. + _Min_Stack_Size)
 *fill*         0x0000000020001748      0x400 
                0x0000000020001b48                . = ALIGN (0x8)

/DISCARD/
 libc.a(*)
 libm.a(*)
 libgcc.a(*)

.ARM.attributes
                0x0000000000000000       0x30
 *(.ARM.attributes)
 .ARM.attributes
                0x0000000000000000       0x1e c:/st/stm32cubeide_1.8.0/stm32cubeide/plugins/com.st.stm32cube.ide.mcu.externaltools.gnu-tools-for-stm32.9-2020-q2-update.win32_2.0.0.202105311346/tools/bin/../lib/gcc/arm-none-eabi/9.3.1/thumb/v7e-m+fp/hard/crti.o
 .ARM.attributes
                0x000000000000001e       0x34 c:/st/stm32cubeide_1.8.0/stm32cubeide/plugins/com.st.stm32cube.ide.mcu.externaltools.gnu-tools-for-stm32.9-2020-q2-update.win32_2.0.0.202105311346/tools/bin/../lib/gcc/arm-none-eabi/9.3.1/thumb/v7e-m+fp/hard/crtbegin.o
 .ARM.attributes
                0x0000000000000052       0x34 ./Core/Src/adc.o
 .ARM.attributes
                0x0000000000000086       0x34 ./Core/Src/gpio.o
 .ARM.attributes
                0x00000000000000ba       0x34 ./Core/Src/i2c.o
 .ARM.attributes
                0x00000000000000ee       0x34 ./Core/Src/liquidcrystal_i2c.o
 .ARM.attributes
                0x0000000000000122       0x34 ./Core/Src/main.o
 .ARM.attributes
                0x0000000000000156       0x34 ./Core/Src/stm32f4xx_hal_msp.o
 .ARM.attributes
                0x000000000000018a       0x34 ./Core/Src/stm32f4xx_it.o
 .ARM.attributes
                0x00000000000001be       0x34 ./Core/Src/system_stm32f4xx.o
 .ARM.attributes
                0x00000000000001f2       0x21 ./Core/Startup/startup_stm32f401ccux.o
 .ARM.attributes
                0x0000000000000213       0x34 ./Drivers/STM32F4xx_HAL_Driver/Src/stm32f4xx_hal.o
 .ARM.attributes
                0x0000000000000247       0x34 ./Drivers/STM32F4xx_HAL_Driver/Src/stm32f4xx_hal_adc.o
 .ARM.attributes
                0x000000000000027b       0x34 ./Drivers/STM32F4xx_HAL_Driver/Src/stm32f4xx_hal_cortex.o
 .ARM.attributes
                0x00000000000002af       0x34 ./Drivers/STM32F4xx_HAL_Driver/Src/stm32f4xx_hal_gpio.o
 .ARM.attributes
                0x00000000000002e3       0x34 ./Drivers/STM32F4xx_HAL_Driver/Src/stm32f4xx_hal_i2c.o
 .ARM.attributes
                0x0000000000000317       0x34 ./Drivers/STM32F4xx_HAL_Driver/Src/stm32f4xx_hal_pcd.o
 .ARM.attributes
                0x000000000000034b       0x34 ./Drivers/STM32F4xx_HAL_Driver/Src/stm32f4xx_hal_pcd_ex.o
 .ARM.attributes
                0x000000000000037f       0x34 ./Drivers/STM32F4xx_HAL_Driver/Src/stm32f4xx_hal_rcc.o
 .ARM.attributes
                0x00000000000003b3       0x34 ./Drivers/STM32F4xx_HAL_Driver/Src/stm32f4xx_ll_usb.o
 .ARM.attributes
                0x00000000000003e7       0x34 ./Middlewares/ST/STM32_USB_Device_Library/Class/CDC/Src/usbd_cdc.o
 .ARM.attributes
                0x000000000000041b       0x34 ./Middlewares/ST/STM32_USB_Device_Library/Core/Src/usbd_core.o
 .ARM.attributes
                0x000000000000044f       0x34 ./Middlewares/ST/STM32_USB_Device_Library/Core/Src/usbd_ctlreq.o
 .ARM.attributes
                0x0000000000000483       0x34 ./Middlewares/ST/STM32_USB_Device_Library/Core/Src/usbd_ioreq.o
 .ARM.attributes
                0x00000000000004b7       0x34 ./USB_DEVICE/App/usb_device.o
 .ARM.attributes
                0x00000000000004eb       0x34 ./USB_DEVICE/App/usbd_cdc_if.o
 .ARM.attributes
                0x000000000000051f       0x34 ./USB_DEVICE/App/usbd_desc.o
 .ARM.attributes
                0x0000000000000553       0x34 ./USB_DEVICE/Target/usbd_conf.o
 .ARM.attributes
                0x0000000000000587       0x34 c:/st/stm32cubeide_1.8.0/stm32cubeide/plugins/com.st.stm32cube.ide.mcu.externaltools.gnu-tools-for-stm32.9-2020-q2-update.win32_2.0.0.202105311346/tools/bin/../lib/gcc/arm-none-eabi/9.3.1/../../../../arm-none-eabi/lib/thumb/v7e-m+fp/hard\libc_nano.a(lib_a-init.o)
 .ARM.attributes
                0x00000000000005bb       0x34 c:/st/stm32cubeide_1.8.0/stm32cubeide/plugins/com.st.stm32cube.ide.mcu.externaltools.gnu-tools-for-stm32.9-2020-q2-update.win32_2.0.0.202105311346/tools/bin/../lib/gcc/arm-none-eabi/9.3.1/../../../../arm-none-eabi/lib/thumb/v7e-m+fp/hard\libc_nano.a(lib_a-itoa.o)
 .ARM.attributes
                0x00000000000005ef       0x34 c:/st/stm32cubeide_1.8.0/stm32cubeide/plugins/com.st.stm32cube.ide.mcu.externaltools.gnu-tools-for-stm32.9-2020-q2-update.win32_2.0.0.202105311346/tools/bin/../lib/gcc/arm-none-eabi/9.3.1/../../../../arm-none-eabi/lib/thumb/v7e-m+fp/hard\libc_nano.a(lib_a-memset.o)
 .ARM.attributes
                0x0000000000000623       0x17 c:/st/stm32cubeide_1.8.0/stm32cubeide/plugins/com.st.stm32cube.ide.mcu.externaltools.gnu-tools-for-stm32.9-2020-q2-update.win32_2.0.0.202105311346/tools/bin/../lib/gcc/arm-none-eabi/9.3.1/../../../../arm-none-eabi/lib/thumb/v7e-m+fp/hard\libc_nano.a(lib_a-strlen.o)
 .ARM.attributes
                0x000000000000063a       0x34 c:/st/stm32cubeide_1.8.0/stm32cubeide/plugins/com.st.stm32cube.ide.mcu.externaltools.gnu-tools-for-stm32.9-2020-q2-update.win32_2.0.0.202105311346/tools/bin/../lib/gcc/arm-none-eabi/9.3.1/../../../../arm-none-eabi/lib/thumb/v7e-m+fp/hard\libc_nano.a(lib_a-utoa.o)
 .ARM.attributes
                0x000000000000066e       0x1e c:/st/stm32cubeide_1.8.0/stm32cubeide/plugins/com.st.stm32cube.ide.mcu.externaltools.gnu-tools-for-stm32.9-2020-q2-update.win32_2.0.0.202105311346/tools/bin/../lib/gcc/arm-none-eabi/9.3.1/thumb/v7e-m+fp/hard\libgcc.a(_arm_addsubdf3.o)
 .ARM.attributes
                0x000000000000068c       0x1e c:/st/stm32cubeide_1.8.0/stm32cubeide/plugins/com.st.stm32cube.ide.mcu.externaltools.gnu-tools-for-stm32.9-2020-q2-update.win32_2.0.0.202105311346/tools/bin/../lib/gcc/arm-none-eabi/9.3.1/thumb/v7e-m+fp/hard\libgcc.a(_arm_muldivdf3.o)
 .ARM.attributes
                0x00000000000006aa       0x1e c:/st/stm32cubeide_1.8.0/stm32cubeide/plugins/com.st.stm32cube.ide.mcu.externaltools.gnu-tools-for-stm32.9-2020-q2-update.win32_2.0.0.202105311346/tools/bin/../lib/gcc/arm-none-eabi/9.3.1/thumb/v7e-m+fp/hard\libgcc.a(_arm_truncdfsf2.o)
 .ARM.attributes
                0x00000000000006c8       0x1e c:/st/stm32cubeide_1.8.0/stm32cubeide/plugins/com.st.stm32cube.ide.mcu.externaltools.gnu-tools-for-stm32.9-2020-q2-update.win32_2.0.0.202105311346/tools/bin/../lib/gcc/arm-none-eabi/9.3.1/thumb/v7e-m+fp/hard\libgcc.a(_aeabi_uldivmod.o)
 .ARM.attributes
                0x00000000000006e6       0x34 c:/st/stm32cubeide_1.8.0/stm32cubeide/plugins/com.st.stm32cube.ide.mcu.externaltools.gnu-tools-for-stm32.9-2020-q2-update.win32_2.0.0.202105311346/tools/bin/../lib/gcc/arm-none-eabi/9.3.1/thumb/v7e-m+fp/hard\libgcc.a(_udivmoddi4.o)
 .ARM.attributes
                0x000000000000071a       0x1e c:/st/stm32cubeide_1.8.0/stm32cubeide/plugins/com.st.stm32cube.ide.mcu.externaltools.gnu-tools-for-stm32.9-2020-q2-update.win32_2.0.0.202105311346/tools/bin/../lib/gcc/arm-none-eabi/9.3.1/thumb/v7e-m+fp/hard\libgcc.a(_dvmd_tls.o)
 .ARM.attributes
                0x0000000000000738       0x1e c:/st/stm32cubeide_1.8.0/stm32cubeide/plugins/com.st.stm32cube.ide.mcu.externaltools.gnu-tools-for-stm32.9-2020-q2-update.win32_2.0.0.202105311346/tools/bin/../lib/gcc/arm-none-eabi/9.3.1/thumb/v7e-m+fp/hard/crtn.o
OUTPUT(7_I2C_ADCLCD.elf elf32-littlearm)
LOAD linker stubs
LOAD c:/st/stm32cubeide_1.8.0/stm32cubeide/plugins/com.st.stm32cube.ide.mcu.externaltools.gnu-tools-for-stm32.9-2020-q2-update.win32_2.0.0.202105311346/tools/bin/../lib/gcc/arm-none-eabi/9.3.1/../../../../arm-none-eabi/lib/thumb/v7e-m+fp/hard\libc.a
LOAD c:/st/stm32cubeide_1.8.0/stm32cubeide/plugins/com.st.stm32cube.ide.mcu.externaltools.gnu-tools-for-stm32.9-2020-q2-update.win32_2.0.0.202105311346/tools/bin/../lib/gcc/arm-none-eabi/9.3.1/../../../../arm-none-eabi/lib/thumb/v7e-m+fp/hard\libm.a
LOAD c:/st/stm32cubeide_1.8.0/stm32cubeide/plugins/com.st.stm32cube.ide.mcu.externaltools.gnu-tools-for-stm32.9-2020-q2-update.win32_2.0.0.202105311346/tools/bin/../lib/gcc/arm-none-eabi/9.3.1/thumb/v7e-m+fp/hard\libgcc.a

.debug_info     0x0000000000000000    0x183ad
 .debug_info    0x0000000000000000      0xab2 ./Core/Src/adc.o
 .debug_info    0x0000000000000ab2      0x3dd ./Core/Src/gpio.o
 .debug_info    0x0000000000000e8f      0xaaf ./Core/Src/i2c.o
 .debug_info    0x000000000000193e      0xbc4 ./Core/Src/liquidcrystal_i2c.o
 .debug_info    0x0000000000002502     0x1796 ./Core/Src/main.o
 .debug_info    0x0000000000003c98      0x3c0 ./Core/Src/stm32f4xx_hal_msp.o
 .debug_info    0x0000000000004058      0x6db ./Core/Src/stm32f4xx_it.o
 .debug_info    0x0000000000004733      0x5d0 ./Core/Src/system_stm32f4xx.o
 .debug_info    0x0000000000004d03       0x22 ./Core/Startup/startup_stm32f401ccux.o
 .debug_info    0x0000000000004d25      0x93d ./Drivers/STM32F4xx_HAL_Driver/Src/stm32f4xx_hal.o
 .debug_info    0x0000000000005662      0xdb4 ./Drivers/STM32F4xx_HAL_Driver/Src/stm32f4xx_hal_adc.o
 .debug_info    0x0000000000006416      0xe41 ./Drivers/STM32F4xx_HAL_Driver/Src/stm32f4xx_hal_cortex.o
 .debug_info    0x0000000000007257      0x862 ./Drivers/STM32F4xx_HAL_Driver/Src/stm32f4xx_hal_gpio.o
 .debug_info    0x0000000000007ab9     0x2653 ./Drivers/STM32F4xx_HAL_Driver/Src/stm32f4xx_hal_i2c.o
 .debug_info    0x000000000000a10c     0x12d5 ./Drivers/STM32F4xx_HAL_Driver/Src/stm32f4xx_hal_pcd.o
 .debug_info    0x000000000000b3e1      0x7c3 ./Drivers/STM32F4xx_HAL_Driver/Src/stm32f4xx_hal_pcd_ex.o
 .debug_info    0x000000000000bba4      0x9bd ./Drivers/STM32F4xx_HAL_Driver/Src/stm32f4xx_hal_rcc.o
 .debug_info    0x000000000000c561     0x1ab4 ./Drivers/STM32F4xx_HAL_Driver/Src/stm32f4xx_ll_usb.o
 .debug_info    0x000000000000e015     0x198b ./Middlewares/ST/STM32_USB_Device_Library/Class/CDC/Src/usbd_cdc.o
 .debug_info    0x000000000000f9a0     0x13a7 ./Middlewares/ST/STM32_USB_Device_Library/Core/Src/usbd_core.o
 .debug_info    0x0000000000010d47     0x1373 ./Middlewares/ST/STM32_USB_Device_Library/Core/Src/usbd_ctlreq.o
 .debug_info    0x00000000000120ba     0x1095 ./Middlewares/ST/STM32_USB_Device_Library/Core/Src/usbd_ioreq.o
 .debug_info    0x000000000001314f      0xffe ./USB_DEVICE/App/usb_device.o
 .debug_info    0x000000000001414d     0x122f ./USB_DEVICE/App/usbd_cdc_if.o
 .debug_info    0x000000000001537c      0xdfa ./USB_DEVICE/App/usbd_desc.o
 .debug_info    0x0000000000016176     0x2237 ./USB_DEVICE/Target/usbd_conf.o

.debug_abbrev   0x0000000000000000     0x388b
 .debug_abbrev  0x0000000000000000      0x1bb ./Core/Src/adc.o
 .debug_abbrev  0x00000000000001bb      0x11d ./Core/Src/gpio.o
 .debug_abbrev  0x00000000000002d8      0x1bb ./Core/Src/i2c.o
 .debug_abbrev  0x0000000000000493      0x213 ./Core/Src/liquidcrystal_i2c.o
 .debug_abbrev  0x00000000000006a6      0x2aa ./Core/Src/main.o
 .debug_abbrev  0x0000000000000950      0x11d ./Core/Src/stm32f4xx_hal_msp.o
 .debug_abbrev  0x0000000000000a6d      0x184 ./Core/Src/stm32f4xx_it.o
 .debug_abbrev  0x0000000000000bf1      0x145 ./Core/Src/system_stm32f4xx.o
 .debug_abbrev  0x0000000000000d36       0x12 ./Core/Startup/startup_stm32f401ccux.o
 .debug_abbrev  0x0000000000000d48      0x21e ./Drivers/STM32F4xx_HAL_Driver/Src/stm32f4xx_hal.o
 .debug_abbrev  0x0000000000000f66      0x1ef ./Drivers/STM32F4xx_HAL_Driver/Src/stm32f4xx_hal_adc.o
 .debug_abbrev  0x0000000000001155      0x33c ./Drivers/STM32F4xx_HAL_Driver/Src/stm32f4xx_hal_cortex.o
 .debug_abbrev  0x0000000000001491      0x1f1 ./Drivers/STM32F4xx_HAL_Driver/Src/stm32f4xx_hal_gpio.o
 .debug_abbrev  0x0000000000001682      0x293 ./Drivers/STM32F4xx_HAL_Driver/Src/stm32f4xx_hal_i2c.o
 .debug_abbrev  0x0000000000001915      0x2a0 ./Drivers/STM32F4xx_HAL_Driver/Src/stm32f4xx_hal_pcd.o
 .debug_abbrev  0x0000000000001bb5      0x1fb ./Drivers/STM32F4xx_HAL_Driver/Src/stm32f4xx_hal_pcd_ex.o
 .debug_abbrev  0x0000000000001db0      0x275 ./Drivers/STM32F4xx_HAL_Driver/Src/stm32f4xx_hal_rcc.o
 .debug_abbrev  0x0000000000002025      0x2a7 ./Drivers/STM32F4xx_HAL_Driver/Src/stm32f4xx_ll_usb.o
 .debug_abbrev  0x00000000000022cc      0x2fc ./Middlewares/ST/STM32_USB_Device_Library/Class/CDC/Src/usbd_cdc.o
 .debug_abbrev  0x00000000000025c8      0x2b7 ./Middlewares/ST/STM32_USB_Device_Library/Core/Src/usbd_core.o
 .debug_abbrev  0x000000000000287f      0x2fc ./Middlewares/ST/STM32_USB_Device_Library/Core/Src/usbd_ctlreq.o
 .debug_abbrev  0x0000000000002b7b      0x22a ./Middlewares/ST/STM32_USB_Device_Library/Core/Src/usbd_ioreq.o
 .debug_abbrev  0x0000000000002da5      0x204 ./USB_DEVICE/App/usb_device.o
 .debug_abbrev  0x0000000000002fa9      0x30c ./USB_DEVICE/App/usbd_cdc_if.o
 .debug_abbrev  0x00000000000032b5      0x2aa ./USB_DEVICE/App/usbd_desc.o
 .debug_abbrev  0x000000000000355f      0x32c ./USB_DEVICE/Target/usbd_conf.o

.debug_aranges  0x0000000000000000      0xff0
 .debug_aranges
                0x0000000000000000       0x30 ./Core/Src/adc.o
 .debug_aranges
                0x0000000000000030       0x20 ./Core/Src/gpio.o
 .debug_aranges
                0x0000000000000050       0x30 ./Core/Src/i2c.o
 .debug_aranges
                0x0000000000000080       0xe8 ./Core/Src/liquidcrystal_i2c.o
 .debug_aranges
                0x0000000000000168       0x38 ./Core/Src/main.o
 .debug_aranges
                0x00000000000001a0       0x20 ./Core/Src/stm32f4xx_hal_msp.o
 .debug_aranges
                0x00000000000001c0       0x68 ./Core/Src/stm32f4xx_it.o
 .debug_aranges
                0x0000000000000228       0x28 ./Core/Src/system_stm32f4xx.o
 .debug_aranges
                0x0000000000000250       0x28 ./Core/Startup/startup_stm32f401ccux.o
 .debug_aranges
                0x0000000000000278       0xf0 ./Drivers/STM32F4xx_HAL_Driver/Src/stm32f4xx_hal.o
 .debug_aranges
                0x0000000000000368       0xe8 ./Drivers/STM32F4xx_HAL_Driver/Src/stm32f4xx_hal_adc.o
 .debug_aranges
                0x0000000000000450      0x118 ./Drivers/STM32F4xx_HAL_Driver/Src/stm32f4xx_hal_cortex.o
 .debug_aranges
                0x0000000000000568       0x58 ./Drivers/STM32F4xx_HAL_Driver/Src/stm32f4xx_hal_gpio.o
 .debug_aranges
                0x00000000000005c0      0x2a0 ./Drivers/STM32F4xx_HAL_Driver/Src/stm32f4xx_hal_i2c.o
 .debug_aranges
                0x0000000000000860      0x138 ./Drivers/STM32F4xx_HAL_Driver/Src/stm32f4xx_hal_pcd.o
 .debug_aranges
                0x0000000000000998       0x38 ./Drivers/STM32F4xx_HAL_Driver/Src/stm32f4xx_hal_pcd_ex.o
 .debug_aranges
                0x00000000000009d0       0x88 ./Drivers/STM32F4xx_HAL_Driver/Src/stm32f4xx_hal_rcc.o
 .debug_aranges
                0x0000000000000a58      0x198 ./Drivers/STM32F4xx_HAL_Driver/Src/stm32f4xx_ll_usb.o
 .debug_aranges
                0x0000000000000bf0       0x90 ./Middlewares/ST/STM32_USB_Device_Library/Class/CDC/Src/usbd_cdc.o
 .debug_aranges
                0x0000000000000c80       0xb8 ./Middlewares/ST/STM32_USB_Device_Library/Core/Src/usbd_core.o
 .debug_aranges
                0x0000000000000d38       0x90 ./Middlewares/ST/STM32_USB_Device_Library/Core/Src/usbd_ctlreq.o
 .debug_aranges
                0x0000000000000dc8       0x50 ./Middlewares/ST/STM32_USB_Device_Library/Core/Src/usbd_ioreq.o
 .debug_aranges
                0x0000000000000e18       0x20 ./USB_DEVICE/App/usb_device.o
 .debug_aranges
                0x0000000000000e38       0x48 ./USB_DEVICE/App/usbd_cdc_if.o
 .debug_aranges
                0x0000000000000e80       0x60 ./USB_DEVICE/App/usbd_desc.o
 .debug_aranges
                0x0000000000000ee0      0x110 ./USB_DEVICE/Target/usbd_conf.o

.debug_ranges   0x0000000000000000      0xe80
 .debug_ranges  0x0000000000000000       0x20 ./Core/Src/adc.o
 .debug_ranges  0x0000000000000020       0x10 ./Core/Src/gpio.o
 .debug_ranges  0x0000000000000030       0x20 ./Core/Src/i2c.o
 .debug_ranges  0x0000000000000050       0xd8 ./Core/Src/liquidcrystal_i2c.o
 .debug_ranges  0x0000000000000128       0x28 ./Core/Src/main.o
 .debug_ranges  0x0000000000000150       0x10 ./Core/Src/stm32f4xx_hal_msp.o
 .debug_ranges  0x0000000000000160       0x58 ./Core/Src/stm32f4xx_it.o
 .debug_ranges  0x00000000000001b8       0x18 ./Core/Src/system_stm32f4xx.o
 .debug_ranges  0x00000000000001d0       0x20 ./Core/Startup/startup_stm32f401ccux.o
 .debug_ranges  0x00000000000001f0       0xe0 ./Drivers/STM32F4xx_HAL_Driver/Src/stm32f4xx_hal.o
 .debug_ranges  0x00000000000002d0       0xd8 ./Drivers/STM32F4xx_HAL_Driver/Src/stm32f4xx_hal_adc.o
 .debug_ranges  0x00000000000003a8      0x108 ./Drivers/STM32F4xx_HAL_Driver/Src/stm32f4xx_hal_cortex.o
 .debug_ranges  0x00000000000004b0       0x48 ./Drivers/STM32F4xx_HAL_Driver/Src/stm32f4xx_hal_gpio.o
 .debug_ranges  0x00000000000004f8      0x2b8 ./Drivers/STM32F4xx_HAL_Driver/Src/stm32f4xx_hal_i2c.o
 .debug_ranges  0x00000000000007b0      0x128 ./Drivers/STM32F4xx_HAL_Driver/Src/stm32f4xx_hal_pcd.o
 .debug_ranges  0x00000000000008d8       0x28 ./Drivers/STM32F4xx_HAL_Driver/Src/stm32f4xx_hal_pcd_ex.o
 .debug_ranges  0x0000000000000900       0x78 ./Drivers/STM32F4xx_HAL_Driver/Src/stm32f4xx_hal_rcc.o
 .debug_ranges  0x0000000000000978      0x188 ./Drivers/STM32F4xx_HAL_Driver/Src/stm32f4xx_ll_usb.o
 .debug_ranges  0x0000000000000b00       0x80 ./Middlewares/ST/STM32_USB_Device_Library/Class/CDC/Src/usbd_cdc.o
 .debug_ranges  0x0000000000000b80       0xa8 ./Middlewares/ST/STM32_USB_Device_Library/Core/Src/usbd_core.o
 .debug_ranges  0x0000000000000c28       0x80 ./Middlewares/ST/STM32_USB_Device_Library/Core/Src/usbd_ctlreq.o
 .debug_ranges  0x0000000000000ca8       0x40 ./Middlewares/ST/STM32_USB_Device_Library/Core/Src/usbd_ioreq.o
 .debug_ranges  0x0000000000000ce8       0x10 ./USB_DEVICE/App/usb_device.o
 .debug_ranges  0x0000000000000cf8       0x38 ./USB_DEVICE/App/usbd_cdc_if.o
 .debug_ranges  0x0000000000000d30       0x50 ./USB_DEVICE/App/usbd_desc.o
 .debug_ranges  0x0000000000000d80      0x100 ./USB_DEVICE/Target/usbd_conf.o

.debug_macro    0x0000000000000000    0x1a65b
 .debug_macro   0x0000000000000000      0x229 ./Core/Src/adc.o
 .debug_macro   0x0000000000000229      0xaa8 ./Core/Src/adc.o
 .debug_macro   0x0000000000000cd1      0x2a1 ./Core/Src/adc.o
 .debug_macro   0x0000000000000f72       0x2e ./Core/Src/adc.o
 .debug_macro   0x0000000000000fa0       0x28 ./Core/Src/adc.o
 .debug_macro   0x0000000000000fc8       0x22 ./Core/Src/adc.o
 .debug_macro   0x0000000000000fea       0x8e ./Core/Src/adc.o
 .debug_macro   0x0000000000001078       0x51 ./Core/Src/adc.o
 .debug_macro   0x00000000000010c9      0x103 ./Core/Src/adc.o
 .debug_macro   0x00000000000011cc       0x6a ./Core/Src/adc.o
 .debug_macro   0x0000000000001236      0x1df ./Core/Src/adc.o
 .debug_macro   0x0000000000001415       0x1c ./Core/Src/adc.o
 .debug_macro   0x0000000000001431       0x22 ./Core/Src/adc.o
 .debug_macro   0x0000000000001453       0xdf ./Core/Src/adc.o
 .debug_macro   0x0000000000001532     0x102d ./Core/Src/adc.o
 .debug_macro   0x000000000000255f      0x11f ./Core/Src/adc.o
 .debug_macro   0x000000000000267e     0xb86c ./Core/Src/adc.o
 .debug_macro   0x000000000000deea       0x6d ./Core/Src/adc.o
 .debug_macro   0x000000000000df57     0x3666 ./Core/Src/adc.o
 .debug_macro   0x00000000000115bd      0x174 ./Core/Src/adc.o
 .debug_macro   0x0000000000011731       0x5c ./Core/Src/adc.o
 .debug_macro   0x000000000001178d      0x416 ./Core/Src/adc.o
 .debug_macro   0x0000000000011ba3      0x9fe ./Core/Src/adc.o
 .debug_macro   0x00000000000125a1      0x116 ./Core/Src/adc.o
 .debug_macro   0x00000000000126b7       0xf8 ./Core/Src/adc.o
 .debug_macro   0x00000000000127af       0xa5 ./Core/Src/adc.o
 .debug_macro   0x0000000000012854      0x15f ./Core/Src/adc.o
 .debug_macro   0x00000000000129b3      0x287 ./Core/Src/adc.o
 .debug_macro   0x0000000000012c3a       0x5f ./Core/Src/adc.o
 .debug_macro   0x0000000000012c99      0x236 ./Core/Src/adc.o
 .debug_macro   0x0000000000012ecf      0x9e1 ./Core/Src/adc.o
 .debug_macro   0x00000000000138b0      0x38b ./Core/Src/adc.o
 .debug_macro   0x0000000000013c3b      0x176 ./Core/Src/adc.o
 .debug_macro   0x0000000000013db1       0xf9 ./Core/Src/adc.o
 .debug_macro   0x0000000000013eaa      0x132 ./Core/Src/adc.o
 .debug_macro   0x0000000000013fdc      0x23a ./Core/Src/adc.o
 .debug_macro   0x0000000000014216       0x2e ./Core/Src/adc.o
 .debug_macro   0x0000000000014244      0x1b5 ./Core/Src/adc.o
 .debug_macro   0x00000000000143f9       0x22 ./Core/Src/adc.o
 .debug_macro   0x000000000001441b       0xd6 ./Core/Src/adc.o
 .debug_macro   0x00000000000144f1      0x11a ./Core/Src/adc.o
 .debug_macro   0x000000000001460b       0x85 ./Core/Src/adc.o
 .debug_macro   0x0000000000014690       0x89 ./Core/Src/adc.o
 .debug_macro   0x0000000000014719      0x21e ./Core/Src/adc.o
 .debug_macro   0x0000000000014937       0xba ./Core/Src/adc.o
 .debug_macro   0x00000000000149f1      0x126 ./Core/Src/adc.o
 .debug_macro   0x0000000000014b17      0x229 ./Core/Src/gpio.o
 .debug_macro   0x0000000000014d40      0x229 ./Core/Src/i2c.o
 .debug_macro   0x0000000000014f69      0x224 ./Core/Src/liquidcrystal_i2c.o
 .debug_macro   0x000000000001518d       0xd6 ./Core/Src/liquidcrystal_i2c.o
 .debug_macro   0x0000000000015263      0x435 ./Core/Src/main.o
 .debug_macro   0x0000000000015698       0x52 ./Core/Src/main.o
 .debug_macro   0x00000000000156ea       0x18 ./Core/Src/main.o
 .debug_macro   0x0000000000015702       0x3c ./Core/Src/main.o
 .debug_macro   0x000000000001573e       0x34 ./Core/Src/main.o
 .debug_macro   0x0000000000015772       0x16 ./Core/Src/main.o
 .debug_macro   0x0000000000015788       0x35 ./Core/Src/main.o
 .debug_macro   0x00000000000157bd      0x333 ./Core/Src/main.o
 .debug_macro   0x0000000000015af0       0x10 ./Core/Src/main.o
 .debug_macro   0x0000000000015b00       0x16 ./Core/Src/main.o
 .debug_macro   0x0000000000015b16       0x43 ./Core/Src/main.o
 .debug_macro   0x0000000000015b59       0x34 ./Core/Src/main.o
 .debug_macro   0x0000000000015b8d       0x10 ./Core/Src/main.o
 .debug_macro   0x0000000000015b9d       0x58 ./Core/Src/main.o
 .debug_macro   0x0000000000015bf5       0x71 ./Core/Src/main.o
 .debug_macro   0x0000000000015c66       0x1c ./Core/Src/main.o
 .debug_macro   0x0000000000015c82      0x12a ./Core/Src/main.o
 .debug_macro   0x0000000000015dac       0x10 ./Core/Src/main.o
 .debug_macro   0x0000000000015dbc       0x1c ./Core/Src/main.o
 .debug_macro   0x0000000000015dd8       0x52 ./Core/Src/main.o
 .debug_macro   0x0000000000015e2a       0x22 ./Core/Src/main.o
 .debug_macro   0x0000000000015e4c       0x10 ./Core/Src/main.o
 .debug_macro   0x0000000000015e5c       0x40 ./Core/Src/main.o
 .debug_macro   0x0000000000015e9c       0xd5 ./Core/Src/main.o
 .debug_macro   0x0000000000015f71       0x1c ./Core/Src/main.o
 .debug_macro   0x0000000000015f8d       0x3d ./Core/Src/main.o
 .debug_macro   0x0000000000015fca       0x16 ./Core/Src/main.o
 .debug_macro   0x0000000000015fe0      0x145 ./Core/Src/main.o
 .debug_macro   0x0000000000016125       0x16 ./Core/Src/main.o
 .debug_macro   0x000000000001613b       0x16 ./Core/Src/main.o
 .debug_macro   0x0000000000016151       0x29 ./Core/Src/main.o
 .debug_macro   0x000000000001617a       0x16 ./Core/Src/main.o
 .debug_macro   0x0000000000016190       0x20 ./Core/Src/main.o
 .debug_macro   0x00000000000161b0       0x65 ./Core/Src/main.o
 .debug_macro   0x0000000000016215      0x1ef ./Core/Src/main.o
 .debug_macro   0x0000000000016404       0xdc ./Core/Src/main.o
 .debug_macro   0x00000000000164e0      0x21f ./Core/Src/stm32f4xx_hal_msp.o
 .debug_macro   0x00000000000166ff      0x229 ./Core/Src/stm32f4xx_it.o
 .debug_macro   0x0000000000016928      0x215 ./Core/Src/system_stm32f4xx.o
 .debug_macro   0x0000000000016b3d      0x275 ./Drivers/STM32F4xx_HAL_Driver/Src/stm32f4xx_hal.o
 .debug_macro   0x0000000000016db2      0x216 ./Drivers/STM32F4xx_HAL_Driver/Src/stm32f4xx_hal_adc.o
 .debug_macro   0x0000000000016fc8      0x215 ./Drivers/STM32F4xx_HAL_Driver/Src/stm32f4xx_hal_cortex.o
 .debug_macro   0x00000000000171dd      0x21b ./Drivers/STM32F4xx_HAL_Driver/Src/stm32f4xx_hal_gpio.o
 .debug_macro   0x00000000000173f8      0x25c ./Drivers/STM32F4xx_HAL_Driver/Src/stm32f4xx_hal_i2c.o
 .debug_macro   0x0000000000017654      0x221 ./Drivers/STM32F4xx_HAL_Driver/Src/stm32f4xx_hal_pcd.o
 .debug_macro   0x0000000000017875      0x215 ./Drivers/STM32F4xx_HAL_Driver/Src/stm32f4xx_hal_pcd_ex.o
 .debug_macro   0x0000000000017a8a      0x239 ./Drivers/STM32F4xx_HAL_Driver/Src/stm32f4xx_hal_rcc.o
 .debug_macro   0x0000000000017cc3      0x215 ./Drivers/STM32F4xx_HAL_Driver/Src/stm32f4xx_ll_usb.o
 .debug_macro   0x0000000000017ed8      0x435 ./Middlewares/ST/STM32_USB_Device_Library/Class/CDC/Src/usbd_cdc.o
 .debug_macro   0x000000000001830d       0x97 ./Middlewares/ST/STM32_USB_Device_Library/Class/CDC/Src/usbd_cdc.o
 .debug_macro   0x00000000000183a4       0xfd ./Middlewares/ST/STM32_USB_Device_Library/Class/CDC/Src/usbd_cdc.o
 .debug_macro   0x00000000000184a1       0xd9 ./Middlewares/ST/STM32_USB_Device_Library/Class/CDC/Src/usbd_cdc.o
 .debug_macro   0x000000000001857a       0x56 ./Middlewares/ST/STM32_USB_Device_Library/Class/CDC/Src/usbd_cdc.o
 .debug_macro   0x00000000000185d0       0x95 ./Middlewares/ST/STM32_USB_Device_Library/Class/CDC/Src/usbd_cdc.o
 .debug_macro   0x0000000000018665      0x41c ./Middlewares/ST/STM32_USB_Device_Library/Core/Src/usbd_core.o
 .debug_macro   0x0000000000018a81      0x1f5 ./Middlewares/ST/STM32_USB_Device_Library/Core/Src/usbd_core.o
 .debug_macro   0x0000000000018c76      0x426 ./Middlewares/ST/STM32_USB_Device_Library/Core/Src/usbd_ctlreq.o
 .debug_macro   0x000000000001909c      0x422 ./Middlewares/ST/STM32_USB_Device_Library/Core/Src/usbd_ioreq.o
 .debug_macro   0x00000000000194be      0x45b ./USB_DEVICE/App/usb_device.o
 .debug_macro   0x0000000000019919       0x22 ./USB_DEVICE/App/usb_device.o
 .debug_macro   0x000000000001993b       0x16 ./USB_DEVICE/App/usb_device.o
 .debug_macro   0x0000000000019951      0x440 ./USB_DEVICE/App/usbd_cdc_if.o
 .debug_macro   0x0000000000019d91       0x10 ./USB_DEVICE/App/usbd_cdc_if.o
 .debug_macro   0x0000000000019da1      0x45f ./USB_DEVICE/App/usbd_desc.o
 .debug_macro   0x000000000001a200       0x1c ./USB_DEVICE/App/usbd_desc.o
 .debug_macro   0x000000000001a21c      0x43f ./USB_DEVICE/Target/usbd_conf.o

.debug_line     0x0000000000000000    0x15d50
 .debug_line    0x0000000000000000      0x7bc ./Core/Src/adc.o
 .debug_line    0x00000000000007bc      0x73a ./Core/Src/gpio.o
 .debug_line    0x0000000000000ef6      0x7a6 ./Core/Src/i2c.o
 .debug_line    0x000000000000169c      0xb0c ./Core/Src/liquidcrystal_i2c.o
 .debug_line    0x00000000000021a8      0xb2f ./Core/Src/main.o
 .debug_line    0x0000000000002cd7      0x73c ./Core/Src/stm32f4xx_hal_msp.o
 .debug_line    0x0000000000003413      0x817 ./Core/Src/stm32f4xx_it.o
 .debug_line    0x0000000000003c2a      0x7be ./Core/Src/system_stm32f4xx.o
 .debug_line    0x00000000000043e8       0x88 ./Core/Startup/startup_stm32f401ccux.o
 .debug_line    0x0000000000004470      0xa24 ./Drivers/STM32F4xx_HAL_Driver/Src/stm32f4xx_hal.o
 .debug_line    0x0000000000004e94     0x11e2 ./Drivers/STM32F4xx_HAL_Driver/Src/stm32f4xx_hal_adc.o
 .debug_line    0x0000000000006076      0xcd3 ./Drivers/STM32F4xx_HAL_Driver/Src/stm32f4xx_hal_cortex.o
 .debug_line    0x0000000000006d49      0xb5e ./Drivers/STM32F4xx_HAL_Driver/Src/stm32f4xx_hal_gpio.o
 .debug_line    0x00000000000078a7     0x39d0 ./Drivers/STM32F4xx_HAL_Driver/Src/stm32f4xx_hal_i2c.o
 .debug_line    0x000000000000b277     0x1371 ./Drivers/STM32F4xx_HAL_Driver/Src/stm32f4xx_hal_pcd.o
 .debug_line    0x000000000000c5e8      0x807 ./Drivers/STM32F4xx_HAL_Driver/Src/stm32f4xx_hal_pcd_ex.o
 .debug_line    0x000000000000cdef      0xd9e ./Drivers/STM32F4xx_HAL_Driver/Src/stm32f4xx_hal_rcc.o
 .debug_line    0x000000000000db8d     0x19b3 ./Drivers/STM32F4xx_HAL_Driver/Src/stm32f4xx_ll_usb.o