14:19:15 **** Build of configuration Debug for project 2_SW_READ ****
make -j6 all 
arm-none-eabi-gcc "../Core/Src/main.c" -mcpu=cortex-m4 -std=gnu11 -g3 -DDEBUG -DUSE_HAL_DRIVER -DSTM32F401xC -c -I../Core/Inc -I../Drivers/STM32F4xx_HAL_Driver/Inc -I../Drivers/STM32F4xx_HAL_Driver/Inc/Legacy -I../Drivers/CMSIS/Device/ST/STM32F4xx/Include -I../Drivers/CMSIS/Include -O0 -ffunction-sections -fdata-sections -Wall -fstack-usage -MMD -MP -MF"Core/Src/main.d" -MT"Core/Src/main.o" --specs=nano.specs -mfpu=fpv4-sp-d16 -mfloat-abi=hard -mthumb -o "Core/Src/main.o"
arm-none-eabi-gcc -o "2_SW_READ.elf" @"objects.list"   -mcpu=cortex-m4 -T"C:\Users\gbsa\STM32CubeIDE\workspace_1.8.0\2_SW_READ\STM32F401CCUX_FLASH.ld" --specs=nosys.specs -Wl,-Map="2_SW_READ.map" -Wl,--gc-sections -static --specs=nano.specs -mfpu=fpv4-sp-d16 -mfloat-abi=hard -mthumb -Wl,--start-group -lc -lm -Wl,--end-group
Finished building target: 2_SW_READ.elf
 
arm-none-eabi-size   2_SW_READ.elf 
arm-none-eabi-objdump -h -S  2_SW_READ.elf  > "2_SW_READ.list"
arm-none-eabi-objcopy  -O binary  2_SW_READ.elf  "2_SW_READ.bin"
   text	   data	    bss	    dec	    hex	filename
   5932	     20	   1572	   7524	   1d64	2_SW_READ.elf
Finished building: default.size.stdout
 
Finished building: 2_SW_READ.bin
 
Finished building: 2_SW_READ.list
 

14:19:16 Build Finished. 0 errors, 0 warnings. (took 921ms)

