11:21:09 **** Incremental Build of configuration Debug for project 2_SW_EXTI ****
make -j6 all 
arm-none-eabi-gcc "../Core/Src/main.c" -mcpu=cortex-m4 -std=gnu11 -g3 -DDEBUG -DUSE_HAL_DRIVER -DSTM32F401xC -c -I../Core/Inc -I../Drivers/STM32F4xx_HAL_Driver/Inc -I../Drivers/STM32F4xx_HAL_Driver/Inc/Legacy -I../Drivers/CMSIS/Device/ST/STM32F4xx/Include -I../Drivers/CMSIS/Include -O0 -ffunction-sections -fdata-sections -Wall -fstack-usage -MMD -MP -MF"Core/Src/main.d" -MT"Core/Src/main.o" --specs=nano.specs -mfpu=fpv4-sp-d16 -mfloat-abi=hard -mthumb -o "Core/Src/main.o"
arm-none-eabi-gcc -o "2_SW_EXTI.elf" @"objects.list"   -mcpu=cortex-m4 -T"C:\Users\gbsa\STM32CubeIDE\workspace_1.8.0\2_SW_EXTI\STM32F401CCUX_FLASH.ld" --specs=nosys.specs -Wl,-Map="2_SW_EXTI.map" -Wl,--gc-sections -static --specs=nano.specs -mfpu=fpv4-sp-d16 -mfloat-abi=hard -mthumb -Wl,--start-group -lc -lm -Wl,--end-group
Finished building target: 2_SW_EXTI.elf
 
arm-none-eabi-size   2_SW_EXTI.elf 
arm-none-eabi-objdump -h -S  2_SW_EXTI.elf  > "2_SW_EXTI.list"
arm-none-eabi-objcopy  -O binary  2_SW_EXTI.elf  "2_SW_EXTI.bin"
   text	   data	    bss	    dec	    hex	filename
   5952	     20	   1572	   7544	   1d78	2_SW_EXTI.elf
Finished building: default.size.stdout
 
Finished building: 2_SW_EXTI.bin
 
Finished building: 2_SW_EXTI.list
 

11:21:10 Build Finished. 0 errors, 0 warnings. (took 807ms)

