13:40:52 **** Incremental Build of configuration Debug for project 9_RTC_TIMER_H ****
make -j6 all 
arm-none-eabi-gcc "../Core/Src/main.c" -mcpu=cortex-m4 -std=gnu11 -g3 -DDEBUG -DUSE_HAL_DRIVER -DSTM32F401xC -c -I../Core/Inc -I../Drivers/STM32F4xx_HAL_Driver/Inc -I../Drivers/STM32F4xx_HAL_Driver/Inc/Legacy -I../Drivers/CMSIS/Device/ST/STM32F4xx/Include -I../Drivers/CMSIS/Include -I../USB_DEVICE/App -I../USB_DEVICE/Target -I../Middlewares/ST/STM32_USB_Device_Library/Core/Inc -I../Middlewares/ST/STM32_USB_Device_Library/Class/CDC/Inc -O0 -ffunction-sections -fdata-sections -Wall -fstack-usage -MMD -MP -MF"Core/Src/main.d" -MT"Core/Src/main.o" --specs=nano.specs -mfpu=fpv4-sp-d16 -mfloat-abi=hard -mthumb -o "Core/Src/main.o"
../Core/Src/main.c: In function 'main':
../Core/Src/main.c:122:12: warning: implicit declaration of function 'CDC_Transmit_FS' [-Wimplicit-function-declaration]
  122 |     while (CDC_Transmit_FS(showTime, strlen(showTime)) == USBD_OK) {}
      |            ^~~~~~~~~~~~~~~
arm-none-eabi-gcc -o "9_RTC_TIMER_H.elf" @"objects.list"   -mcpu=cortex-m4 -T"C:\Users\gbsa\STM32CubeIDE\workspace_1.8.0\9_RTC_TIMER_H\STM32F401CCUX_FLASH.ld" --specs=nosys.specs -Wl,-Map="9_RTC_TIMER_H.map" -Wl,--gc-sections -static --specs=nano.specs -mfpu=fpv4-sp-d16 -mfloat-abi=hard -mthumb -Wl,--start-group -lc -lm -Wl,--end-group
Finished building target: 9_RTC_TIMER_H.elf
 
arm-none-eabi-size   9_RTC_TIMER_H.elf 
arm-none-eabi-objdump -h -S  9_RTC_TIMER_H.elf  > "9_RTC_TIMER_H.list"
arm-none-eabi-objcopy  -O binary  9_RTC_TIMER_H.elf  "9_RTC_TIMER_H.bin"
   text	   data	    bss	    dec	    hex	filename
  30824	    492	   6476	  37792	   93a0	9_RTC_TIMER_H.elf
Finished building: default.size.stdout
 
Finished building: 9_RTC_TIMER_H.bin
 
Finished building: 9_RTC_TIMER_H.list
 

13:40:53 Build Finished. 0 errors, 1 warnings. (took 943ms)

